Archive member included to satisfy reference by file (symbol)

C:/ST/STM32CubeIDE_1.15.0/STM32CubeIDE/plugins/com.st.stm32cube.ide.mcu.externaltools.gnu-tools-for-stm32.12.3.rel1.win32_1.0.100.202403111256/tools/bin/../lib/gcc/arm-none-eabi/12.3.1/../../../../arm-none-eabi/lib/thumb/v7-m/nofp\libc_nano.a(libc_a-exit.o)
                              C:/ST/STM32CubeIDE_1.15.0/STM32CubeIDE/plugins/com.st.stm32cube.ide.mcu.externaltools.gnu-tools-for-stm32.12.3.rel1.win32_1.0.100.202403111256/tools/bin/../lib/gcc/arm-none-eabi/12.3.1/../../../../arm-none-eabi/lib/thumb/v7-m/nofp/crt0.o (exit)
C:/ST/STM32CubeIDE_1.15.0/STM32CubeIDE/plugins/com.st.stm32cube.ide.mcu.externaltools.gnu-tools-for-stm32.12.3.rel1.win32_1.0.100.202403111256/tools/bin/../lib/gcc/arm-none-eabi/12.3.1/../../../../arm-none-eabi/lib/thumb/v7-m/nofp\libc_nano.a(libc_a-findfp.o)
                              C:/ST/STM32CubeIDE_1.15.0/STM32CubeIDE/plugins/com.st.stm32cube.ide.mcu.externaltools.gnu-tools-for-stm32.12.3.rel1.win32_1.0.100.202403111256/tools/bin/../lib/gcc/arm-none-eabi/12.3.1/../../../../arm-none-eabi/lib/thumb/v7-m/nofp\libc_nano.a(libc_a-exit.o) (__stdio_exit_handler)
C:/ST/STM32CubeIDE_1.15.0/STM32CubeIDE/plugins/com.st.stm32cube.ide.mcu.externaltools.gnu-tools-for-stm32.12.3.rel1.win32_1.0.100.202403111256/tools/bin/../lib/gcc/arm-none-eabi/12.3.1/../../../../arm-none-eabi/lib/thumb/v7-m/nofp\libc_nano.a(libc_a-fwalk.o)
                              C:/ST/STM32CubeIDE_1.15.0/STM32CubeIDE/plugins/com.st.stm32cube.ide.mcu.externaltools.gnu-tools-for-stm32.12.3.rel1.win32_1.0.100.202403111256/tools/bin/../lib/gcc/arm-none-eabi/12.3.1/../../../../arm-none-eabi/lib/thumb/v7-m/nofp\libc_nano.a(libc_a-findfp.o) (_fwalk_sglue)
C:/ST/STM32CubeIDE_1.15.0/STM32CubeIDE/plugins/com.st.stm32cube.ide.mcu.externaltools.gnu-tools-for-stm32.12.3.rel1.win32_1.0.100.202403111256/tools/bin/../lib/gcc/arm-none-eabi/12.3.1/../../../../arm-none-eabi/lib/thumb/v7-m/nofp\libc_nano.a(libc_a-stdio.o)
                              C:/ST/STM32CubeIDE_1.15.0/STM32CubeIDE/plugins/com.st.stm32cube.ide.mcu.externaltools.gnu-tools-for-stm32.12.3.rel1.win32_1.0.100.202403111256/tools/bin/../lib/gcc/arm-none-eabi/12.3.1/../../../../arm-none-eabi/lib/thumb/v7-m/nofp\libc_nano.a(libc_a-findfp.o) (__sread)
C:/ST/STM32CubeIDE_1.15.0/STM32CubeIDE/plugins/com.st.stm32cube.ide.mcu.externaltools.gnu-tools-for-stm32.12.3.rel1.win32_1.0.100.202403111256/tools/bin/../lib/gcc/arm-none-eabi/12.3.1/../../../../arm-none-eabi/lib/thumb/v7-m/nofp\libc_nano.a(libc_a-memset.o)
                              C:/ST/STM32CubeIDE_1.15.0/STM32CubeIDE/plugins/com.st.stm32cube.ide.mcu.externaltools.gnu-tools-for-stm32.12.3.rel1.win32_1.0.100.202403111256/tools/bin/../lib/gcc/arm-none-eabi/12.3.1/../../../../arm-none-eabi/lib/thumb/v7-m/nofp/crt0.o (memset)
C:/ST/STM32CubeIDE_1.15.0/STM32CubeIDE/plugins/com.st.stm32cube.ide.mcu.externaltools.gnu-tools-for-stm32.12.3.rel1.win32_1.0.100.202403111256/tools/bin/../lib/gcc/arm-none-eabi/12.3.1/../../../../arm-none-eabi/lib/thumb/v7-m/nofp\libc_nano.a(libc_a-closer.o)
                              C:/ST/STM32CubeIDE_1.15.0/STM32CubeIDE/plugins/com.st.stm32cube.ide.mcu.externaltools.gnu-tools-for-stm32.12.3.rel1.win32_1.0.100.202403111256/tools/bin/../lib/gcc/arm-none-eabi/12.3.1/../../../../arm-none-eabi/lib/thumb/v7-m/nofp\libc_nano.a(libc_a-stdio.o) (_close_r)
C:/ST/STM32CubeIDE_1.15.0/STM32CubeIDE/plugins/com.st.stm32cube.ide.mcu.externaltools.gnu-tools-for-stm32.12.3.rel1.win32_1.0.100.202403111256/tools/bin/../lib/gcc/arm-none-eabi/12.3.1/../../../../arm-none-eabi/lib/thumb/v7-m/nofp\libc_nano.a(libc_a-reent.o)
                              C:/ST/STM32CubeIDE_1.15.0/STM32CubeIDE/plugins/com.st.stm32cube.ide.mcu.externaltools.gnu-tools-for-stm32.12.3.rel1.win32_1.0.100.202403111256/tools/bin/../lib/gcc/arm-none-eabi/12.3.1/../../../../arm-none-eabi/lib/thumb/v7-m/nofp\libc_nano.a(libc_a-closer.o) (errno)
C:/ST/STM32CubeIDE_1.15.0/STM32CubeIDE/plugins/com.st.stm32cube.ide.mcu.externaltools.gnu-tools-for-stm32.12.3.rel1.win32_1.0.100.202403111256/tools/bin/../lib/gcc/arm-none-eabi/12.3.1/../../../../arm-none-eabi/lib/thumb/v7-m/nofp\libc_nano.a(libc_a-impure.o)
                              C:/ST/STM32CubeIDE_1.15.0/STM32CubeIDE/plugins/com.st.stm32cube.ide.mcu.externaltools.gnu-tools-for-stm32.12.3.rel1.win32_1.0.100.202403111256/tools/bin/../lib/gcc/arm-none-eabi/12.3.1/../../../../arm-none-eabi/lib/thumb/v7-m/nofp\libc_nano.a(libc_a-reent.o) (_impure_ptr)
C:/ST/STM32CubeIDE_1.15.0/STM32CubeIDE/plugins/com.st.stm32cube.ide.mcu.externaltools.gnu-tools-for-stm32.12.3.rel1.win32_1.0.100.202403111256/tools/bin/../lib/gcc/arm-none-eabi/12.3.1/../../../../arm-none-eabi/lib/thumb/v7-m/nofp\libc_nano.a(libc_a-lseekr.o)
[...]
Memory Configuration

Name             Origin             Length             Attributes
RAM              0x20000000         0x00005000         xrw
FLASH            0x08000000         0x00010000         xr
*default*        0x00000000         0xffffffff

Linker script and memory map

LOAD C:/ST/STM32CubeIDE_1.15.0/STM32CubeIDE/plugins/com.st.stm32cube.ide.mcu.externaltools.gnu-tools-for-stm32.12.3.rel1.win32_1.0.100.202403111256/tools/bin/../lib/gcc/arm-none-eabi/12.3.1/thumb/v7-m/nofp/crti.o
LOAD C:/ST/STM32CubeIDE_1.15.0/STM32CubeIDE/plugins/com.st.stm32cube.ide.mcu.externaltools.gnu-tools-for-stm32.12.3.rel1.win32_1.0.100.202403111256/tools/bin/../lib/gcc/arm-none-eabi/12.3.1/thumb/v7-m/nofp/crtbegin.o
LOAD C:/ST/STM32CubeIDE_1.15.0/STM32CubeIDE/plugins/com.st.stm32cube.ide.mcu.externaltools.gnu-tools-for-stm32.12.3.rel1.win32_1.0.100.202403111256/tools/bin/../lib/gcc/arm-none-eabi/12.3.1/../../../../arm-none-eabi/lib/thumb/v7-m/nofp/crt0.o
LOAD ./Core/Src/main.o
LOAD ./Core/Src/stm32f1xx_hal_msp.o
LOAD ./Core/Src/stm32f1xx_it.o
LOAD ./Core/Src/syscalls.o
LOAD ./Core/Src/sysmem.o
LOAD ./Core/Src/system_stm32f1xx.o
LOAD ./Core/Src/wt901.o
LOAD ./Core/Startup/startup_stm32f103c8tx.o
LOAD ./Drivers/STM32F1xx_HAL_Driver/Src/stm32f1xx_hal.o
LOAD ./Drivers/STM32F1xx_HAL_Driver/Src/stm32f1xx_hal_cortex.o
LOAD ./Drivers/STM32F1xx_HAL_Driver/Src/stm32f1xx_hal_dma.o
LOAD ./Drivers/STM32F1xx_HAL_Driver/Src/stm32f1xx_hal_exti.o
LOAD ./Drivers/STM32F1xx_HAL_Driver/Src/stm32f1xx_hal_flash.o
LOAD ./Drivers/STM32F1xx_HAL_Driver/Src/stm32f1xx_hal_flash_ex.o
LOAD ./Drivers/STM32F1xx_HAL_Driver/Src/stm32f1xx_hal_gpio.o
LOAD ./Drivers/STM32F1xx_HAL_Driver/Src/stm32f1xx_hal_gpio_ex.o
LOAD ./Drivers/STM32F1xx_HAL_Driver/Src/stm32f1xx_hal_pcd.o
LOAD ./Drivers/STM32F1xx_HAL_Driver/Src/stm32f1xx_hal_pcd_ex.o
LOAD ./Drivers/STM32F1xx_HAL_Driver/Src/stm32f1xx_hal_pwr.o
LOAD ./Drivers/STM32F1xx_HAL_Driver/Src/stm32f1xx_hal_rcc.o
LOAD ./Drivers/STM32F1xx_HAL_Driver/Src/stm32f1xx_hal_rcc_ex.o
LOAD ./Drivers/STM32F1xx_HAL_Driver/Src/stm32f1xx_hal_tim.o
LOAD ./Drivers/STM32F1xx_HAL_Driver/Src/stm32f1xx_hal_tim_ex.o
LOAD ./Drivers/STM32F1xx_HAL_Driver/Src/stm32f1xx_hal_uart.o
LOAD ./Drivers/STM32F1xx_HAL_Driver/Src/stm32f1xx_ll_usb.o
LOAD ./Middlewares/ST/STM32_USB_Device_Library/Class/CDC/Src/usbd_cdc.o
LOAD ./Middlewares/ST/STM32_USB_Device_Library/Core/Src/usbd_core.o
LOAD ./Middlewares/ST/STM32_USB_Device_Library/Core/Src/usbd_ctlreq.o
LOAD ./Middlewares/ST/STM32_USB_Device_Library/Core/Src/usbd_ioreq.o
LOAD ./USB_DEVICE/App/usb_device.o
LOAD ./USB_DEVICE/App/usbd_cdc_if.o
LOAD ./USB_DEVICE/App/usbd_desc.o
LOAD ./USB_DEVICE/Target/usbd_conf.o
START GROUP
LOAD C:/ST/STM32CubeIDE_1.15.0/STM32CubeIDE/plugins/com.st.stm32cube.ide.mcu.externaltools.gnu-tools-for-stm32.12.3.rel1.win32_1.0.100.202403111256/tools/bin/../lib/gcc/arm-none-eabi/12.3.1/../../../../arm-none-eabi/lib/thumb/v7-m/nofp\libc_nano.a
LOAD C:/ST/STM32CubeIDE_1.15.0/STM32CubeIDE/plugins/com.st.stm32cube.ide.mcu.externaltools.gnu-tools-for-stm32.12.3.rel1.win32_1.0.100.202403111256/tools/bin/../lib/gcc/arm-none-eabi/12.3.1/../../../../arm-none-eabi/lib/thumb/v7-m/nofp\libm.a
END GROUP
START GROUP
LOAD C:/ST/STM32CubeIDE_1.15.0/STM32CubeIDE/plugins/com.st.stm32cube.ide.mcu.externaltools.gnu-tools-for-stm32.12.3.rel1.win32_1.0.100.202403111256/tools/bin/../lib/gcc/arm-none-eabi/12.3.1/thumb/v7-m/nofp\libgcc.a
LOAD C:/ST/STM32CubeIDE_1.15.0/STM32CubeIDE/plugins/com.st.stm32cube.ide.mcu.externaltools.gnu-tools-for-stm32.12.3.rel1.win32_1.0.100.202403111256/tools/bin/../lib/gcc/arm-none-eabi/12.3.1/../../../../arm-none-eabi/lib/thumb/v7-m/nofp\libc_nano.a
END GROUP
START GROUP
LOAD C:/ST/STM32CubeIDE_1.15.0/STM32CubeIDE/plugins/com.st.stm32cube.ide.mcu.externaltools.gnu-tools-for-stm32.12.3.rel1.win32_1.0.100.202403111256/tools/bin/../lib/gcc/arm-none-eabi/12.3.1/thumb/v7-m/nofp\libgcc.a
LOAD C:/ST/STM32CubeIDE_1.15.0/STM32CubeIDE/plugins/com.st.stm32cube.ide.mcu.externaltools.gnu-tools-for-stm32.12.3.rel1.win32_1.0.100.202403111256/tools/bin/../lib/gcc/arm-none-eabi/12.3.1/../../../../arm-none-eabi/lib/thumb/v7-m/nofp\libc_nano.a
LOAD C:/ST/STM32CubeIDE_1.15.0/STM32CubeIDE/plugins/com.st.stm32cube.ide.mcu.externaltools.gnu-tools-for-stm32.12.3.rel1.win32_1.0.100.202403111256/tools/bin/../lib/gcc/arm-none-eabi/12.3.1/../../../../arm-none-eabi/lib/thumb/v7-m/nofp\libnosys.a
END GROUP
START GROUP
LOAD C:/ST/STM32CubeIDE_1.15.0/STM32CubeIDE/plugins/com.st.stm32cube.ide.mcu.externaltools.gnu-tools-for-stm32.12.3.rel1.win32_1.0.100.202403111256/tools/bin/../lib/gcc/arm-none-eabi/12.3.1/thumb/v7-m/nofp\libgcc.a
LOAD C:/ST/STM32CubeIDE_1.15.0/STM32CubeIDE/plugins/com.st.stm32cube.ide.mcu.externaltools.gnu-tools-for-stm32.12.3.rel1.win32_1.0.100.202403111256/tools/bin/../lib/gcc/arm-none-eabi/12.3.1/../../../../arm-none-eabi/lib/thumb/v7-m/nofp\libc_nano.a
LOAD C:/ST/STM32CubeIDE_1.15.0/STM32CubeIDE/plugins/com.st.stm32cube.ide.mcu.externaltools.gnu-tools-for-stm32.12.3.rel1.win32_1.0.100.202403111256/tools/bin/../lib/gcc/arm-none-eabi/12.3.1/../../../../arm-none-eabi/lib/thumb/v7-m/nofp\libnosys.a
END GROUP
LOAD C:/ST/STM32CubeIDE_1.15.0/STM32CubeIDE/plugins/com.st.stm32cube.ide.mcu.externaltools.gnu-tools-for-stm32.12.3.rel1.win32_1.0.100.202403111256/tools/bin/../lib/gcc/arm-none-eabi/12.3.1/thumb/v7-m/nofp/crtend.o
LOAD C:/ST/STM32CubeIDE_1.15.0/STM32CubeIDE/plugins/com.st.stm32cube.ide.mcu.externaltools.gnu-tools-for-stm32.12.3.rel1.win32_1.0.100.202403111256/tools/bin/../lib/gcc/arm-none-eabi/12.3.1/thumb/v7-m/nofp/crtn.o
                0x20005000                        _estack = (ORIGIN (RAM) + LENGTH (RAM))
                0x00000200                        _Min_Heap_Size = 0x200
                0x00000400                        _Min_Stack_Size = 0x400

.isr_vector     0x08000000      0x10c
                0x08000000                        . = ALIGN (0x4)
 *(.isr_vector)
 .isr_vector    0x08000000      0x10c ./Core/Startup/startup_stm32f103c8tx.o
                0x08000000                g_pfnVectors
                0x0800010c                        . = ALIGN (0x4)

.text           0x0800010c     0x87a4
                0x0800010c                        . = ALIGN (0x4)
 *(.text)
 .text          0x0800010c       0x40 C:/ST/STM32CubeIDE_1.15.0/STM32CubeIDE/plugins/com.st.stm32cube.ide.mcu.externaltools.gnu-tools-for-stm32.12.3.rel1.win32_1.0.100.202403111256/tools/bin/../lib/gcc/arm-none-eabi/12.3.1/thumb/v7-m/nofp/crtbegin.o
 *(.text*)
 .text.HAL_UART_TxCpltCallback
                0x0800014c       0x38 ./Core/Src/main.o
                0x0800014c                HAL_UART_TxCpltCallback
 .text.HAL_UART_RxCpltCallback
                0x08000184       0x38 ./Core/Src/main.o
                0x08000184                HAL_UART_RxCpltCallback
 .text.main     0x080001bc       0x34 ./Core/Src/main.o
                0x080001bc                main
 .text.SystemClock_Config
                0x080001f0       0xb4 ./Core/Src/main.o
                0x080001f0                SystemClock_Config
 .text.MX_USART3_UART_Init
                0x080002a4       0x54 ./Core/Src/main.o
 .text.MX_DMA_Init
                0x080002f8       0x4c ./Core/Src/main.o
 .text.MX_GPIO_Init
                0x08000344       0xb0 ./Core/Src/main.o
 .text.Error_Handler
                0x080003f4        0xc ./Core/Src/main.o
                0x080003f4                Error_Handler
 .text.HAL_MspInit
                0x08000400       0x5c ./Core/Src/stm32f1xx_hal_msp.o
                0x08000400                HAL_MspInit
 .text.HAL_UART_MspInit
                0x0800045c      0x154 ./Core/Src/stm32f1xx_hal_msp.o
                0x0800045c                HAL_UART_MspInit
 .text.NMI_Handler
                0x080005b0        0x8 ./Core/Src/stm32f1xx_it.o
                0x080005b0                NMI_Handler
 .text.HardFault_Handler
                0x080005b8        0x8 ./Core/Src/stm32f1xx_it.o
                0x080005b8                HardFault_Handler
 .text.MemManage_Handler
                0x080005c0        0x8 ./Core/Src/stm32f1xx_it.o
                0x080005c0                MemManage_Handler
 .text.BusFault_Handler
                0x080005c8        0x8 ./Core/Src/stm32f1xx_it.o
                0x080005c8                BusFault_Handler
 .text.UsageFault_Handler
                0x080005d0        0x8 ./Core/Src/stm32f1xx_it.o
                0x080005d0                UsageFault_Handler
 .text.SVC_Handler
                0x080005d8        0xc ./Core/Src/stm32f1xx_it.o
                0x080005d8                SVC_Handler
 .text.DebugMon_Handler
                0x080005e4        0xc ./Core/Src/stm32f1xx_it.o
                0x080005e4                DebugMon_Handler
 .text.PendSV_Handler
                0x080005f0        0xc ./Core/Src/stm32f1xx_it.o
                0x080005f0                PendSV_Handler
 .text.SysTick_Handler
                0x080005fc        0xc ./Core/Src/stm32f1xx_it.o
                0x080005fc                SysTick_Handler
 .text.DMA1_Channel2_IRQHandler
                0x08000608       0x14 ./Core/Src/stm32f1xx_it.o
                0x08000608                DMA1_Channel2_IRQHandler
 .text.DMA1_Channel3_IRQHandler
                0x0800061c       0x14 ./Core/Src/stm32f1xx_it.o
                0x0800061c                DMA1_Channel3_IRQHandler
 .text.USB_LP_CAN1_RX0_IRQHandler
                0x08000630       0x14 ./Core/Src/stm32f1xx_it.o
                0x08000630                USB_LP_CAN1_RX0_IRQHandler
 .text.USART3_IRQHandler
                0x08000644       0x14 ./Core/Src/stm32f1xx_it.o
                0x08000644                USART3_IRQHandler
 .text.SystemInit
                0x08000658        0xc ./Core/Src/system_stm32f1xx.o
                0x08000658                SystemInit
 .text.Reset_Handler
                0x08000664       0x48 ./Core/Startup/startup_stm32f103c8tx.o
                0x08000664                Reset_Handler
 .text.Default_Handler
                0x080006ac        0x2 ./Core/Startup/startup_stm32f103c8tx.o
                0x080006ac                RTC_Alarm_IRQHandler
                0x080006ac                EXTI2_IRQHandler
                0x080006ac                TIM1_CC_IRQHandler
                0x080006ac                PVD_IRQHandler
                0x080006ac                EXTI3_IRQHandler
                0x080006ac                EXTI0_IRQHandler
                0x080006ac                I2C2_EV_IRQHandler
                0x080006ac                ADC1_2_IRQHandler
                0x080006ac                SPI1_IRQHandler
                0x080006ac                TAMPER_IRQHandler
                0x080006ac                DMA1_Channel4_IRQHandler
                0x080006ac                RTC_IRQHandler
                0x080006ac                DMA1_Channel7_IRQHandler
                0x080006ac                CAN1_RX1_IRQHandler
                0x080006ac                TIM4_IRQHandler
                0x080006ac                I2C1_EV_IRQHandler
                0x080006ac                DMA1_Channel6_IRQHandler
                0x080006ac                TIM3_IRQHandler
                0x080006ac                RCC_IRQHandler
                0x080006ac                TIM1_TRG_COM_IRQHandler
                0x080006ac                DMA1_Channel1_IRQHandler
                0x080006ac                Default_Handler
                0x080006ac                EXTI15_10_IRQHandler
                0x080006ac                EXTI9_5_IRQHandler
                0x080006ac                SPI2_IRQHandler
                0x080006ac                DMA1_Channel5_IRQHandler
                0x080006ac                EXTI4_IRQHandler
                0x080006ac                USB_HP_CAN1_TX_IRQHandler
                0x080006ac                TIM1_UP_IRQHandler
                0x080006ac                WWDG_IRQHandler
                0x080006ac                TIM2_IRQHandler
                0x080006ac                TIM1_BRK_IRQHandler
                0x080006ac                EXTI1_IRQHandler
                0x080006ac                USART2_IRQHandler
                0x080006ac                I2C2_ER_IRQHandler
                0x080006ac                CAN1_SCE_IRQHandler
                0x080006ac                FLASH_IRQHandler
                0x080006ac                USART1_IRQHandler
                0x080006ac                I2C1_ER_IRQHandler
                0x080006ac                USBWakeUp_IRQHandler
 *fill*         0x080006ae        0x2 
 .text.HAL_Init
                0x080006b0       0x2c ./Drivers/STM32F1xx_HAL_Driver/Src/stm32f1xx_hal.o
                0x080006b0                HAL_Init
 .text.HAL_InitTick
                0x080006dc       0x60 ./Drivers/STM32F1xx_HAL_Driver/Src/stm32f1xx_hal.o
                0x080006dc                HAL_InitTick
 .text.HAL_IncTick
                0x0800073c       0x24 ./Drivers/STM32F1xx_HAL_Driver/Src/stm32f1xx_hal.o
                0x0800073c                HAL_IncTick
 .text.HAL_GetTick
                0x08000760       0x14 ./Drivers/STM32F1xx_HAL_Driver/Src/stm32f1xx_hal.o
                0x08000760                HAL_GetTick
 .text.__NVIC_SetPriorityGrouping
                0x08000774       0x48 ./Drivers/STM32F1xx_HAL_Driver/Src/stm32f1xx_hal_cortex.o
 .text.__NVIC_GetPriorityGrouping
                0x080007bc       0x1c ./Drivers/STM32F1xx_HAL_Driver/Src/stm32f1xx_hal_cortex.o
 .text.__NVIC_EnableIRQ
                0x080007d8       0x38 ./Drivers/STM32F1xx_HAL_Driver/Src/stm32f1xx_hal_cortex.o
 .text.__NVIC_SetPriority
                0x08000810       0x54 ./Drivers/STM32F1xx_HAL_Driver/Src/stm32f1xx_hal_cortex.o
 .text.NVIC_EncodePriority
                0x08000864       0x64 ./Drivers/STM32F1xx_HAL_Driver/Src/stm32f1xx_hal_cortex.o
 .text.SysTick_Config
                0x080008c8       0x44 ./Drivers/STM32F1xx_HAL_Driver/Src/stm32f1xx_hal_cortex.o
 .text.HAL_NVIC_SetPriorityGrouping
                0x0800090c       0x16 ./Drivers/STM32F1xx_HAL_Driver/Src/stm32f1xx_hal_cortex.o
                0x0800090c                HAL_NVIC_SetPriorityGrouping
 .text.HAL_NVIC_SetPriority
                0x08000922       0x38 ./Drivers/STM32F1xx_HAL_Driver/Src/stm32f1xx_hal_cortex.o
                0x08000922                HAL_NVIC_SetPriority
 .text.HAL_NVIC_EnableIRQ
                0x0800095a       0x1c ./Drivers/STM32F1xx_HAL_Driver/Src/stm32f1xx_hal_cortex.o
                0x0800095a                HAL_NVIC_EnableIRQ
 .text.HAL_SYSTICK_Config
                0x08000976       0x18 ./Drivers/STM32F1xx_HAL_Driver/Src/stm32f1xx_hal_cortex.o
                0x08000976                HAL_SYSTICK_Config
 *fill*         0x0800098e        0x2 
 .text.HAL_DMA_Init
                0x08000990       0xb4 ./Drivers/STM32F1xx_HAL_Driver/Src/stm32f1xx_hal_dma.o
                0x08000990                HAL_DMA_Init
 .text.HAL_DMA_Abort
                0x08000a44       0x76 ./Drivers/STM32F1xx_HAL_Driver/Src/stm32f1xx_hal_dma.o
                0x08000a44                HAL_DMA_Abort
 *fill*         0x08000aba        0x2 
 .text.HAL_DMA_Abort_IT
                0x08000abc       0xf0 ./Drivers/STM32F1xx_HAL_Driver/Src/stm32f1xx_hal_dma.o
                0x08000abc                HAL_DMA_Abort_IT
 .text.HAL_DMA_IRQHandler
                0x08000bac      0x20c ./Drivers/STM32F1xx_HAL_Driver/Src/stm32f1xx_hal_dma.o
                0x08000bac                HAL_DMA_IRQHandler
 .text.HAL_GPIO_Init
                0x08000db8      0x308 ./Drivers/STM32F1xx_HAL_Driver/Src/stm32f1xx_hal_gpio.o
                0x08000db8                HAL_GPIO_Init
 .text.HAL_GPIO_WritePin
                0x080010c0       0x30 ./Drivers/STM32F1xx_HAL_Driver/Src/stm32f1xx_hal_gpio.o
                0x080010c0                HAL_GPIO_WritePin
 .text.HAL_GPIO_TogglePin
                0x080010f0       0x32 ./Drivers/STM32F1xx_HAL_Driver/Src/stm32f1xx_hal_gpio.o
                0x080010f0                HAL_GPIO_TogglePin
 .text.HAL_PCD_Init
                0x08001122      0x1fe ./Drivers/STM32F1xx_HAL_Driver/Src/stm32f1xx_hal_pcd.o
                0x08001122                HAL_PCD_Init
 .text.HAL_PCD_Start
                0x08001320       0x4c ./Drivers/STM32F1xx_HAL_Driver/Src/stm32f1xx_hal_pcd.o
                0x08001320                HAL_PCD_Start
 .text.HAL_PCD_IRQHandler
                0x0800136c      0x260 ./Drivers/STM32F1xx_HAL_Driver/Src/stm32f1xx_hal_pcd.o
                0x0800136c                HAL_PCD_IRQHandler
 .text.HAL_PCD_SetAddress
                0x080015cc       0x4a ./Drivers/STM32F1xx_HAL_Driver/Src/stm32f1xx_hal_pcd.o
                0x080015cc                HAL_PCD_SetAddress
 .text.HAL_PCD_EP_Open
                0x08001616       0xba ./Drivers/STM32F1xx_HAL_Driver/Src/stm32f1xx_hal_pcd.o
                0x08001616                HAL_PCD_EP_Open
 .text.HAL_PCD_EP_Close
                0x080016d0       0x90 ./Drivers/STM32F1xx_HAL_Driver/Src/stm32f1xx_hal_pcd.o
                0x080016d0                HAL_PCD_EP_Close
 .text.HAL_PCD_EP_Receive
                0x08001760       0x62 ./Drivers/STM32F1xx_HAL_Driver/Src/stm32f1xx_hal_pcd.o
                0x08001760                HAL_PCD_EP_Receive
 .text.HAL_PCD_EP_GetRxCount
                0x080017c2       0x2e ./Drivers/STM32F1xx_HAL_Driver/Src/stm32f1xx_hal_pcd.o
                0x080017c2                HAL_PCD_EP_GetRxCount
 .text.HAL_PCD_EP_Transmit
                0x080017f0       0x6e ./Drivers/STM32F1xx_HAL_Driver/Src/stm32f1xx_hal_pcd.o
                0x080017f0                HAL_PCD_EP_Transmit
 .text.HAL_PCD_EP_SetStall
                0x0800185e       0xc0 ./Drivers/STM32F1xx_HAL_Driver/Src/stm32f1xx_hal_pcd.o
                0x0800185e                HAL_PCD_EP_SetStall
 .text.HAL_PCD_EP_ClrStall
                0x0800191e       0xa8 ./Drivers/STM32F1xx_HAL_Driver/Src/stm32f1xx_hal_pcd.o
                0x0800191e                HAL_PCD_EP_ClrStall
 .text.PCD_EP_ISR_Handler
                0x080019c6      0x7a4 ./Drivers/STM32F1xx_HAL_Driver/Src/stm32f1xx_hal_pcd.o
 .text.HAL_PCD_EP_DB_Receive
                0x0800216a      0x21a ./Drivers/STM32F1xx_HAL_Driver/Src/stm32f1xx_hal_pcd.o
 .text.HAL_PCD_EP_DB_Transmit
                0x08002384      0x7f4 ./Drivers/STM32F1xx_HAL_Driver/Src/stm32f1xx_hal_pcd.o
 .text.HAL_PCDEx_PMAConfig
                0x08002b78       0x84 ./Drivers/STM32F1xx_HAL_Driver/Src/stm32f1xx_hal_pcd_ex.o
                0x08002b78                HAL_PCDEx_PMAConfig
 .text.HAL_RCC_OscConfig
                0x08002bfc      0x504 ./Drivers/STM32F1xx_HAL_Driver/Src/stm32f1xx_hal_rcc.o
                0x08002bfc                HAL_RCC_OscConfig
 .text.HAL_RCC_ClockConfig
                0x08003100      0x1d4 ./Drivers/STM32F1xx_HAL_Driver/Src/stm32f1xx_hal_rcc.o
                0x08003100                HAL_RCC_ClockConfig
 .text.HAL_RCC_GetSysClockFreq
                0x080032d4       0xa8 ./Drivers/STM32F1xx_HAL_Driver/Src/stm32f1xx_hal_rcc.o
                0x080032d4                HAL_RCC_GetSysClockFreq
 .text.HAL_RCC_GetHCLKFreq
                0x0800337c       0x14 ./Drivers/STM32F1xx_HAL_Driver/Src/stm32f1xx_hal_rcc.o
                0x0800337c                HAL_RCC_GetHCLKFreq
 .text.HAL_RCC_GetPCLK1Freq
                0x08003390       0x28 ./Drivers/STM32F1xx_HAL_Driver/Src/stm32f1xx_hal_rcc.o
                0x08003390                HAL_RCC_GetPCLK1Freq
 .text.HAL_RCC_GetPCLK2Freq
                0x080033b8       0x28 ./Drivers/STM32F1xx_HAL_Driver/Src/stm32f1xx_hal_rcc.o
                0x080033b8                HAL_RCC_GetPCLK2Freq
 .text.RCC_Delay
                0x080033e0       0x3c ./Drivers/STM32F1xx_HAL_Driver/Src/stm32f1xx_hal_rcc.o
 .text.HAL_RCCEx_PeriphCLKConfig
                0x0800341c      0x16c ./Drivers/STM32F1xx_HAL_Driver/Src/stm32f1xx_hal_rcc_ex.o
                0x0800341c                HAL_RCCEx_PeriphCLKConfig
 .text.HAL_UART_Init
                0x08003588       0xa0 ./Drivers/STM32F1xx_HAL_Driver/Src/stm32f1xx_hal_uart.o
                0x08003588                HAL_UART_Init
 .text.HAL_UART_Transmit_IT
                0x08003628       0x6a ./Drivers/STM32F1xx_HAL_Driver/Src/stm32f1xx_hal_uart.o
                0x08003628                HAL_UART_Transmit_IT
 .text.HAL_UART_Receive_IT
                0x08003692       0x4a ./Drivers/STM32F1xx_HAL_Driver/Src/stm32f1xx_hal_uart.o
                0x08003692                HAL_UART_Receive_IT
 .text.HAL_UART_IRQHandler
                0x080036dc      0x524 ./Drivers/STM32F1xx_HAL_Driver/Src/stm32f1xx_hal_uart.o
                0x080036dc                HAL_UART_IRQHandler
 .text.HAL_UART_ErrorCallback
                0x08003c00       0x12 ./Drivers/STM32F1xx_HAL_Driver/Src/stm32f1xx_hal_uart.o
                0x08003c00                HAL_UART_ErrorCallback
 .text.HAL_UARTEx_RxEventCallback
                0x08003c12       0x16 ./Drivers/STM32F1xx_HAL_Driver/Src/stm32f1xx_hal_uart.o
                0x08003c12                HAL_UARTEx_RxEventCallback
 .text.UART_Start_Receive_IT
                0x08003c28       0x72 ./Drivers/STM32F1xx_HAL_Driver/Src/stm32f1xx_hal_uart.o
                0x08003c28                UART_Start_Receive_IT
 .text.UART_EndRxTransfer
                0x08003c9a       0xc4 ./Drivers/STM32F1xx_HAL_Driver/Src/stm32f1xx_hal_uart.o
 .text.UART_DMAAbortOnError
                0x08003d5e       0x28 ./Drivers/STM32F1xx_HAL_Driver/Src/stm32f1xx_hal_uart.o
 .text.UART_Transmit_IT
                0x08003d86       0x9e ./Drivers/STM32F1xx_HAL_Driver/Src/stm32f1xx_hal_uart.o
 .text.UART_EndTransmit_IT
                0x08003e24       0x30 ./Drivers/STM32F1xx_HAL_Driver/Src/stm32f1xx_hal_uart.o
 .text.UART_Receive_IT
                0x08003e54      0x17c ./Drivers/STM32F1xx_HAL_Driver/Src/stm32f1xx_hal_uart.o
 .text.UART_SetConfig
                0x08003fd0      0x11c ./Drivers/STM32F1xx_HAL_Driver/Src/stm32f1xx_hal_uart.o
 .text.USB_CoreInit
                0x080040ec       0x20 ./Drivers/STM32F1xx_HAL_Driver/Src/stm32f1xx_ll_usb.o
                0x080040ec                USB_CoreInit
 .text.USB_EnableGlobalInt
                0x0800410c       0x2c ./Drivers/STM32F1xx_HAL_Driver/Src/stm32f1xx_ll_usb.o
                0x0800410c                USB_EnableGlobalInt
 .text.USB_DisableGlobalInt
                0x08004138       0x34 ./Drivers/STM32F1xx_HAL_Driver/Src/stm32f1xx_ll_usb.o
                0x08004138                USB_DisableGlobalInt
 .text.USB_SetCurrentMode
                0x0800416c       0x18 ./Drivers/STM32F1xx_HAL_Driver/Src/stm32f1xx_ll_usb.o
                0x0800416c                USB_SetCurrentMode
 .text.USB_DevInit
                0x08004184       0x40 ./Drivers/STM32F1xx_HAL_Driver/Src/stm32f1xx_ll_usb.o
                0x08004184                USB_DevInit
 .text.USB_ActivateEndpoint
                0x080041c4      0x780 ./Drivers/STM32F1xx_HAL_Driver/Src/stm32f1xx_ll_usb.o
                0x080041c4                USB_ActivateEndpoint
 .text.USB_DeactivateEndpoint
                0x08004944      0x3d8 ./Drivers/STM32F1xx_HAL_Driver/Src/stm32f1xx_ll_usb.o
                0x08004944                USB_DeactivateEndpoint
 .text.USB_EPStartXfer
                0x08004d1c     0x1762 ./Drivers/STM32F1xx_HAL_Driver/Src/stm32f1xx_ll_usb.o
                0x08004d1c                USB_EPStartXfer
 .text.USB_EPSetStall
                0x0800647e       0xa0 ./Drivers/STM32F1xx_HAL_Driver/Src/stm32f1xx_ll_usb.o
                0x0800647e                USB_EPSetStall
 .text.USB_EPClearStall
                0x0800651e      0x15a ./Drivers/STM32F1xx_HAL_Driver/Src/stm32f1xx_ll_usb.o
                0x0800651e                USB_EPClearStall
 .text.USB_SetDevAddress
                0x08006678       0x26 ./Drivers/STM32F1xx_HAL_Driver/Src/stm32f1xx_ll_usb.o
                0x08006678                USB_SetDevAddress
 .text.USB_DevConnect
                0x0800669e       0x14 ./Drivers/STM32F1xx_HAL_Driver/Src/stm32f1xx_ll_usb.o
                0x0800669e                USB_DevConnect
 .text.USB_DevDisconnect
                0x080066b2       0x14 ./Drivers/STM32F1xx_HAL_Driver/Src/stm32f1xx_ll_usb.o
                0x080066b2                USB_DevDisconnect
 .text.USB_ReadInterrupts
                0x080066c6       0x1e ./Drivers/STM32F1xx_HAL_Driver/Src/stm32f1xx_ll_usb.o
                0x080066c6                USB_ReadInterrupts
 .text.USB_EP0_OutStart
                0x080066e4       0x16 ./Drivers/STM32F1xx_HAL_Driver/Src/stm32f1xx_ll_usb.o
                0x080066e4                USB_EP0_OutStart
 .text.USB_WritePMA
                0x080066fa       0x8a ./Drivers/STM32F1xx_HAL_Driver/Src/stm32f1xx_ll_usb.o
                0x080066fa                USB_WritePMA
 .text.USB_ReadPMA
                0x08006784       0x9e ./Drivers/STM32F1xx_HAL_Driver/Src/stm32f1xx_ll_usb.o
                0x08006784                USB_ReadPMA
 .text.USBD_CDC_Init
                0x08006822       0xf4 ./Middlewares/ST/STM32_USB_Device_Library/Class/CDC/Src/usbd_cdc.o
 .text.USBD_CDC_DeInit
                0x08006916       0x6e ./Middlewares/ST/STM32_USB_Device_Library/Class/CDC/Src/usbd_cdc.o
 .text.USBD_CDC_Setup
                0x08006984      0x146 ./Middlewares/ST/STM32_USB_Device_Library/Class/CDC/Src/usbd_cdc.o
 .text.USBD_CDC_DataIn
                0x08006aca       0xa6 ./Middlewares/ST/STM32_USB_Device_Library/Class/CDC/Src/usbd_cdc.o
 .text.USBD_CDC_DataOut
                0x08006b70       0x56 ./Middlewares/ST/STM32_USB_Device_Library/Class/CDC/Src/usbd_cdc.o
 .text.USBD_CDC_EP0_RxReady
                0x08006bc6       0x4e ./Middlewares/ST/STM32_USB_Device_Library/Class/CDC/Src/usbd_cdc.o
 .text.USBD_CDC_GetFSCfgDesc
                0x08006c14       0x20 ./Middlewares/ST/STM32_USB_Device_Library/Class/CDC/Src/usbd_cdc.o
 .text.USBD_CDC_GetHSCfgDesc
                0x08006c34       0x20 ./Middlewares/ST/STM32_USB_Device_Library/Class/CDC/Src/usbd_cdc.o
 .text.USBD_CDC_GetOtherSpeedCfgDesc
                0x08006c54       0x20 ./Middlewares/ST/STM32_USB_Device_Library/Class/CDC/Src/usbd_cdc.o
 .text.USBD_CDC_GetDeviceQualifierDescriptor
                0x08006c74       0x20 ./Middlewares/ST/STM32_USB_Device_Library/Class/CDC/Src/usbd_cdc.o
                0x08006c74                USBD_CDC_GetDeviceQualifierDescriptor
 .text.USBD_CDC_RegisterInterface
                0x08006c94       0x2c ./Middlewares/ST/STM32_USB_Device_Library/Class/CDC/Src/usbd_cdc.o
                0x08006c94                USBD_CDC_RegisterInterface
 .text.USBD_CDC_SetTxBuffer
                0x08006cc0       0x32 ./Middlewares/ST/STM32_USB_Device_Library/Class/CDC/Src/usbd_cdc.o
                0x08006cc0                USBD_CDC_SetTxBuffer
 .text.USBD_CDC_SetRxBuffer
                0x08006cf2       0x26 ./Middlewares/ST/STM32_USB_Device_Library/Class/CDC/Src/usbd_cdc.o
                0x08006cf2                USBD_CDC_SetRxBuffer
 .text.USBD_CDC_TransmitPacket
                0x08006d18       0x5e ./Middlewares/ST/STM32_USB_Device_Library/Class/CDC/Src/usbd_cdc.o
                0x08006d18                USBD_CDC_TransmitPacket
 .text.USBD_CDC_ReceivePacket
                0x08006d76       0x54 ./Middlewares/ST/STM32_USB_Device_Library/Class/CDC/Src/usbd_cdc.o
                0x08006d76                USBD_CDC_ReceivePacket
 .text.USBD_Init
                0x08006dca       0x56 ./Middlewares/ST/STM32_USB_Device_Library/Core/Src/usbd_core.o
                0x08006dca                USBD_Init
 .text.USBD_RegisterClass
                0x08006e20       0x32 ./Middlewares/ST/STM32_USB_Device_Library/Core/Src/usbd_core.o
                0x08006e20                USBD_RegisterClass
 .text.USBD_Start
                0x08006e52       0x18 ./Middlewares/ST/STM32_USB_Device_Library/Core/Src/usbd_core.o
                0x08006e52                USBD_Start
 .text.USBD_RunTestMode
                0x08006e6a       0x14 ./Middlewares/ST/STM32_USB_Device_Library/Core/Src/usbd_core.o
                0x08006e6a                USBD_RunTestMode
 .text.USBD_SetClassConfig
                0x08006e7e       0x3e ./Middlewares/ST/STM32_USB_Device_Library/Core/Src/usbd_core.o
                0x08006e7e                USBD_SetClassConfig
 .text.USBD_ClrClassConfig
                0x08006ebc       0x26 ./Middlewares/ST/STM32_USB_Device_Library/Core/Src/usbd_core.o
                0x08006ebc                USBD_ClrClassConfig
 .text.USBD_LL_SetupStage
                0x08006ee2       0x9a ./Middlewares/ST/STM32_USB_Device_Library/Core/Src/usbd_core.o
                0x08006ee2                USBD_LL_SetupStage
 .text.USBD_LL_DataOutStage
                0x08006f7c       0xe2 ./Middlewares/ST/STM32_USB_Device_Library/Core/Src/usbd_core.o
                0x08006f7c                USBD_LL_DataOutStage
 .text.USBD_LL_DataInStage
                0x0800705e      0x14a ./Middlewares/ST/STM32_USB_Device_Library/Core/Src/usbd_core.o
                0x0800705e                USBD_LL_DataInStage
 .text.USBD_LL_Reset
                0x080071a8       0x82 ./Middlewares/ST/STM32_USB_Device_Library/Core/Src/usbd_core.o
                0x080071a8                USBD_LL_Reset
 .text.USBD_LL_SetSpeed
                0x0800722a       0x1e ./Middlewares/ST/STM32_USB_Device_Library/Core/Src/usbd_core.o
                0x0800722a                USBD_LL_SetSpeed
 .text.USBD_LL_Suspend
                0x08007248       0x28 ./Middlewares/ST/STM32_USB_Device_Library/Core/Src/usbd_core.o
                0x08007248                USBD_LL_Suspend
 .text.USBD_LL_Resume
                0x08007270       0x2a ./Middlewares/ST/STM32_USB_Device_Library/Core/Src/usbd_core.o
                0x08007270                USBD_LL_Resume
 .text.USBD_LL_SOF
                0x0800729a       0x34 ./Middlewares/ST/STM32_USB_Device_Library/Core/Src/usbd_core.o
                0x0800729a                USBD_LL_SOF
 *fill*         0x080072ce        0x2 
 .text.USBD_StdDevReq
                0x080072d0       0xd4 ./Middlewares/ST/STM32_USB_Device_Library/Core/Src/usbd_ctlreq.o
                0x080072d0                USBD_StdDevReq
 .text.USBD_StdItfReq
                0x080073a4       0x90 ./Middlewares/ST/STM32_USB_Device_Library/Core/Src/usbd_ctlreq.o
                0x080073a4                USBD_StdItfReq
 .text.USBD_StdEPReq
                0x08007434      0x2c6 ./Middlewares/ST/STM32_USB_Device_Library/Core/Src/usbd_ctlreq.o
                0x08007434                USBD_StdEPReq
 *fill*         0x080076fa        0x2 
 .text.USBD_GetDescriptor
                0x080076fc      0x2d0 ./Middlewares/ST/STM32_USB_Device_Library/Core/Src/usbd_ctlreq.o
 .text.USBD_SetAddress
                0x080079cc       0x86 ./Middlewares/ST/STM32_USB_Device_Library/Core/Src/usbd_ctlreq.o
 *fill*         0x08007a52        0x2 
 .text.USBD_SetConfig
                0x08007a54      0x11c ./Middlewares/ST/STM32_USB_Device_Library/Core/Src/usbd_ctlreq.o
 .text.USBD_GetConfig
                0x08007b70       0x6a ./Middlewares/ST/STM32_USB_Device_Library/Core/Src/usbd_ctlreq.o
 .text.USBD_GetStatus
                0x08007bda       0x66 ./Middlewares/ST/STM32_USB_Device_Library/Core/Src/usbd_ctlreq.o
 .text.USBD_SetFeature
                0x08007c40       0x28 ./Middlewares/ST/STM32_USB_Device_Library/Core/Src/usbd_ctlreq.o
 .text.USBD_ClrFeature
                0x08007c68       0x42 ./Middlewares/ST/STM32_USB_Device_Library/Core/Src/usbd_ctlreq.o
 .text.USBD_ParseSetupRequest
                0x08007caa       0x72 ./Middlewares/ST/STM32_USB_Device_Library/Core/Src/usbd_ctlreq.o
                0x08007caa                USBD_ParseSetupRequest
 .text.USBD_CtlError
                0x08007d1c       0x22 ./Middlewares/ST/STM32_USB_Device_Library/Core/Src/usbd_ctlreq.o
                0x08007d1c                USBD_CtlError
 .text.USBD_GetString
                0x08007d3e       0x84 ./Middlewares/ST/STM32_USB_Device_Library/Core/Src/usbd_ctlreq.o
                0x08007d3e                USBD_GetString
 .text.USBD_GetLen
                0x08007dc2       0x2e ./Middlewares/ST/STM32_USB_Device_Library/Core/Src/usbd_ctlreq.o
 .text.USBD_CtlSendData
                0x08007df0       0x38 ./Middlewares/ST/STM32_USB_Device_Library/Core/Src/usbd_ioreq.o
                0x08007df0                USBD_CtlSendData
 .text.USBD_CtlContinueSendData
                0x08007e28       0x24 ./Middlewares/ST/STM32_USB_Device_Library/Core/Src/usbd_ioreq.o
                0x08007e28                USBD_CtlContinueSendData
 .text.USBD_CtlPrepareRx
                0x08007e4c       0x3c ./Middlewares/ST/STM32_USB_Device_Library/Core/Src/usbd_ioreq.o
                0x08007e4c                USBD_CtlPrepareRx
 .text.USBD_CtlContinueRx
                0x08007e88       0x24 ./Middlewares/ST/STM32_USB_Device_Library/Core/Src/usbd_ioreq.o
                0x08007e88                USBD_CtlContinueRx
 .text.USBD_CtlSendStatus
                0x08007eac       0x26 ./Middlewares/ST/STM32_USB_Device_Library/Core/Src/usbd_ioreq.o
                0x08007eac                USBD_CtlSendStatus
 .text.USBD_CtlReceiveStatus
                0x08007ed2       0x26 ./Middlewares/ST/STM32_USB_Device_Library/Core/Src/usbd_ioreq.o
                0x08007ed2                USBD_CtlReceiveStatus
 .text.MX_USB_DEVICE_Init
                0x08007ef8       0x60 ./USB_DEVICE/App/usb_device.o
                0x08007ef8                MX_USB_DEVICE_Init
 .text.CDC_Init_FS
                0x08007f58       0x28 ./USB_DEVICE/App/usbd_cdc_if.o
 .text.CDC_DeInit_FS
                0x08007f80        0xe ./USB_DEVICE/App/usbd_cdc_if.o
 *fill*         0x08007f8e        0x2 
 .text.CDC_Control_FS
                0x08007f90       0xbc ./USB_DEVICE/App/usbd_cdc_if.o
 .text.CDC_Receive_FS
                0x0800804c       0x3c ./USB_DEVICE/App/usbd_cdc_if.o
 .text.CDC_Transmit_FS
                0x08008088       0x4c ./USB_DEVICE/App/usbd_cdc_if.o
                0x08008088                CDC_Transmit_FS
 .text.USBD_FS_DeviceDescriptor
                0x080080d4       0x24 ./USB_DEVICE/App/usbd_desc.o
                0x080080d4                USBD_FS_DeviceDescriptor
 .text.USBD_FS_LangIDStrDescriptor
                0x080080f8       0x24 ./USB_DEVICE/App/usbd_desc.o
                0x080080f8                USBD_FS_LangIDStrDescriptor
 .text.USBD_FS_ProductStrDescriptor
                0x0800811c       0x3c ./USB_DEVICE/App/usbd_desc.o
                0x0800811c                USBD_FS_ProductStrDescriptor
 .text.USBD_FS_ManufacturerStrDescriptor
                0x08008158       0x28 ./USB_DEVICE/App/usbd_desc.o
                0x08008158                USBD_FS_ManufacturerStrDescriptor
 .text.USBD_FS_SerialStrDescriptor
                0x08008180       0x24 ./USB_DEVICE/App/usbd_desc.o
                0x08008180                USBD_FS_SerialStrDescriptor
 .text.USBD_FS_ConfigStrDescriptor
                0x080081a4       0x3c ./USB_DEVICE/App/usbd_desc.o
                0x080081a4                USBD_FS_ConfigStrDescriptor
 .text.USBD_FS_InterfaceStrDescriptor
                0x080081e0       0x3c ./USB_DEVICE/App/usbd_desc.o
                0x080081e0                USBD_FS_InterfaceStrDescriptor
 .text.Get_SerialNum
                0x0800821c       0x38 ./USB_DEVICE/App/usbd_desc.o
 .text.IntToUnicode
                0x08008254       0x7c ./USB_DEVICE/App/usbd_desc.o
 .text.HAL_PCD_MspInit
                0x080082d0       0x4c ./USB_DEVICE/Target/usbd_conf.o
                0x080082d0                HAL_PCD_MspInit
 .text.HAL_PCD_SetupStageCallback
                0x0800831c       0x24 ./USB_DEVICE/Target/usbd_conf.o
                0x0800831c                HAL_PCD_SetupStageCallback
 .text.HAL_PCD_DataOutStageCallback
                0x08008340       0x36 ./USB_DEVICE/Target/usbd_conf.o
                0x08008340                HAL_PCD_DataOutStageCallback
 .text.HAL_PCD_DataInStageCallback
                0x08008376       0x34 ./USB_DEVICE/Target/usbd_conf.o
                0x08008376                HAL_PCD_DataInStageCallback
 .text.HAL_PCD_SOFCallback
                0x080083aa       0x1c ./USB_DEVICE/Target/usbd_conf.o
                0x080083aa                HAL_PCD_SOFCallback
 .text.HAL_PCD_ResetCallback
                0x080083c6       0x3c ./USB_DEVICE/Target/usbd_conf.o
                0x080083c6                HAL_PCD_ResetCallback
 *fill*         0x08008402        0x2 
 .text.HAL_PCD_SuspendCallback
                0x08008404       0x34 ./USB_DEVICE/Target/usbd_conf.o
                0x08008404                HAL_PCD_SuspendCallback
 .text.HAL_PCD_ResumeCallback
                0x08008438       0x1c ./USB_DEVICE/Target/usbd_conf.o
                0x08008438                HAL_PCD_ResumeCallback
 .text.USBD_LL_Init
                0x08008454       0xb4 ./USB_DEVICE/Target/usbd_conf.o
                0x08008454                USBD_LL_Init
 .text.USBD_LL_Start
                0x08008508       0x36 ./USB_DEVICE/Target/usbd_conf.o
                0x08008508                USBD_LL_Start
 .text.USBD_LL_OpenEP
                0x0800853e       0x4c ./USB_DEVICE/Target/usbd_conf.o
                0x0800853e                USBD_LL_OpenEP
 .text.USBD_LL_CloseEP
                0x0800858a       0x3e ./USB_DEVICE/Target/usbd_conf.o
                0x0800858a                USBD_LL_CloseEP
 .text.USBD_LL_StallEP
                0x080085c8       0x3e ./USB_DEVICE/Target/usbd_conf.o
                0x080085c8                USBD_LL_StallEP
 .text.USBD_LL_ClearStallEP
                0x08008606       0x3e ./USB_DEVICE/Target/usbd_conf.o
                0x08008606                USBD_LL_ClearStallEP
 .text.USBD_LL_IsStallEP
                0x08008644       0x58 ./USB_DEVICE/Target/usbd_conf.o
                0x08008644                USBD_LL_IsStallEP
 .text.USBD_LL_SetUSBAddress
                0x0800869c       0x3e ./USB_DEVICE/Target/usbd_conf.o
                0x0800869c                USBD_LL_SetUSBAddress
 .text.USBD_LL_Transmit
                0x080086da       0x46 ./USB_DEVICE/Target/usbd_conf.o
                0x080086da                USBD_LL_Transmit
 .text.USBD_LL_PrepareReceive
                0x08008720       0x46 ./USB_DEVICE/Target/usbd_conf.o
                0x08008720                USBD_LL_PrepareReceive
 .text.USBD_LL_GetRxDataSize
                0x08008766       0x26 ./USB_DEVICE/Target/usbd_conf.o
                0x08008766                USBD_LL_GetRxDataSize
 .text.USBD_static_malloc
                0x0800878c       0x18 ./USB_DEVICE/Target/usbd_conf.o
                0x0800878c                USBD_static_malloc
 .text.USBD_static_free
                0x080087a4       0x12 ./USB_DEVICE/Target/usbd_conf.o
                0x080087a4                USBD_static_free
 .text.HAL_PCDEx_SetConnectionState
                0x080087b6       0x16 ./USB_DEVICE/Target/usbd_conf.o
                0x080087b6                HAL_PCDEx_SetConnectionState
 .text.USBD_Get_USB_Status
                0x080087cc       0x58 ./USB_DEVICE/Target/usbd_conf.o
 .text.memset   0x08008824       0x10 C:/ST/STM32CubeIDE_1.15.0/STM32CubeIDE/plugins/com.st.stm32cube.ide.mcu.externaltools.gnu-tools-for-stm32.12.3.rel1.win32_1.0.100.202403111256/tools/bin/../lib/gcc/arm-none-eabi/12.3.1/../../../../arm-none-eabi/lib/thumb/v7-m/nofp\libc_nano.a(libc_a-memset.o)
                0x08008824                memset
 .text.__libc_init_array
                0x08008834       0x48 C:/ST/STM32CubeIDE_1.15.0/STM32CubeIDE/plugins/com.st.stm32cube.ide.mcu.externaltools.gnu-tools-for-stm32.12.3.rel1.win32_1.0.100.202403111256/tools/bin/../lib/gcc/arm-none-eabi/12.3.1/../../../../arm-none-eabi/lib/thumb/v7-m/nofp\libc_nano.a(libc_a-init.o)
                0x08008834                __libc_init_array
 .text.memcpy   0x0800887c       0x1c C:/ST/STM32CubeIDE_1.15.0/STM32CubeIDE/plugins/com.st.stm32cube.ide.mcu.externaltools.gnu-tools-for-stm32.12.3.rel1.win32_1.0.100.202403111256/tools/bin/../lib/gcc/arm-none-eabi/12.3.1/../../../../arm-none-eabi/lib/thumb/v7-m/nofp\libc_nano.a(libc_a-memcpy-stub.o)
                0x0800887c                memcpy
 *(.glue_7)
 .glue_7        0x08008898        0x0 linker stubs
 *(.glue_7t)
 .glue_7t       0x08008898        0x0 linker stubs
 *(.eh_frame)
 .eh_frame      0x08008898        0x0 C:/ST/STM32CubeIDE_1.15.0/STM32CubeIDE/plugins/com.st.stm32cube.ide.mcu.externaltools.gnu-tools-for-stm32.12.3.rel1.win32_1.0.100.202403111256/tools/bin/../lib/gcc/arm-none-eabi/12.3.1/thumb/v7-m/nofp/crtbegin.o
 *(.init)
 .init          0x08008898        0x4 C:/ST/STM32CubeIDE_1.15.0/STM32CubeIDE/plugins/com.st.stm32cube.ide.mcu.externaltools.gnu-tools-for-stm32.12.3.rel1.win32_1.0.100.202403111256/tools/bin/../lib/gcc/arm-none-eabi/12.3.1/thumb/v7-m/nofp/crti.o
                0x08008898                _init
 .init          0x0800889c        0x8 C:/ST/STM32CubeIDE_1.15.0/STM32CubeIDE/plugins/com.st.stm32cube.ide.mcu.externaltools.gnu-tools-for-stm32.12.3.rel1.win32_1.0.100.202403111256/tools/bin/../lib/gcc/arm-none-eabi/12.3.1/thumb/v7-m/nofp/crtn.o
 *(.fini)
 .fini          0x080088a4        0x4 C:/ST/STM32CubeIDE_1.15.0/STM32CubeIDE/plugins/com.st.stm32cube.ide.mcu.externaltools.gnu-tools-for-stm32.12.3.rel1.win32_1.0.100.202403111256/tools/bin/../lib/gcc/arm-none-eabi/12.3.1/thumb/v7-m/nofp/crti.o
                0x080088a4                _fini
 .fini          0x080088a8        0x8 C:/ST/STM32CubeIDE_1.15.0/STM32CubeIDE/plugins/com.st.stm32cube.ide.mcu.externaltools.gnu-tools-for-stm32.12.3.rel1.win32_1.0.100.202403111256/tools/bin/../lib/gcc/arm-none-eabi/12.3.1/thumb/v7-m/nofp/crtn.o
                0x080088b0                        . = ALIGN (0x4)
                0x080088b0                        _etext = .

.vfp11_veneer   0x080088b0        0x0
 .vfp11_veneer  0x080088b0        0x0 linker stubs

.v4_bx          0x080088b0        0x0
 .v4_bx         0x080088b0        0x0 linker stubs

.iplt           0x080088b0        0x0
 .iplt          0x080088b0        0x0 C:/ST/STM32CubeIDE_1.15.0/STM32CubeIDE/plugins/com.st.stm32cube.ide.mcu.externaltools.gnu-tools-for-stm32.12.3.rel1.win32_1.0.100.202403111256/tools/bin/../lib/gcc/arm-none-eabi/12.3.1/thumb/v7-m/nofp/crtbegin.o

.rodata         0x080088b0       0x70
                0x080088b0                        . = ALIGN (0x4)
 *(.rodata)
 .rodata        0x080088b0       0x42 ./USB_DEVICE/App/usbd_desc.o
 *(.rodata*)
 *fill*         0x080088f2        0x2 
 .rodata.AHBPrescTable
                0x080088f4       0x10 ./Core/Src/system_stm32f1xx.o
                0x080088f4                AHBPrescTable
 .rodata.APBPrescTable
                0x08008904        0x8 ./Core/Src/system_stm32f1xx.o
                0x08008904                APBPrescTable
 .rodata.aPLLMULFactorTable.1
                0x0800890c       0x10 ./Drivers/STM32F1xx_HAL_Driver/Src/stm32f1xx_hal_rcc.o
 .rodata.aPredivFactorTable.0
                0x0800891c        0x2 ./Drivers/STM32F1xx_HAL_Driver/Src/stm32f1xx_hal_rcc.o
                0x08008920                        . = ALIGN (0x4)
 *fill*         0x0800891e        0x2 

.ARM.extab      0x08008920        0x0
                0x08008920                        . = ALIGN (0x4)
 *(.ARM.extab* .gnu.linkonce.armextab.*)
                0x08008920                        . = ALIGN (0x4)

.ARM            0x08008920        0x0
                0x08008920                        . = ALIGN (0x4)
                0x08008920                        __exidx_start = .
 *(.ARM.exidx*)
                0x08008920                        __exidx_end = .
                0x08008920                        . = ALIGN (0x4)

.preinit_array  0x08008920        0x0
                0x08008920                        . = ALIGN (0x4)
                0x08008920                        PROVIDE (__preinit_array_start = .)
 *(.preinit_array*)
                0x08008920                        PROVIDE (__preinit_array_end = .)
                0x08008920                        . = ALIGN (0x4)

.init_array     0x08008920        0x4
                0x08008920                        . = ALIGN (0x4)
                0x08008920                        PROVIDE (__init_array_start = .)
 *(SORT_BY_NAME(.init_array.*))
 *(.init_array*)
 .init_array    0x08008920        0x4 C:/ST/STM32CubeIDE_1.15.0/STM32CubeIDE/plugins/com.st.stm32cube.ide.mcu.externaltools.gnu-tools-for-stm32.12.3.rel1.win32_1.0.100.202403111256/tools/bin/../lib/gcc/arm-none-eabi/12.3.1/thumb/v7-m/nofp/crtbegin.o
                0x08008924                        PROVIDE (__init_array_end = .)
                0x08008924                        . = ALIGN (0x4)

.fini_array     0x08008924        0x4
                0x08008924                        . = ALIGN (0x4)
                [!provide]                        PROVIDE (__fini_array_start = .)
 *(SORT_BY_NAME(.fini_array.*))
 *(.fini_array*)
 .fini_array    0x08008924        0x4 C:/ST/STM32CubeIDE_1.15.0/STM32CubeIDE/plugins/com.st.stm32cube.ide.mcu.externaltools.gnu-tools-for-stm32.12.3.rel1.win32_1.0.100.202403111256/tools/bin/../lib/gcc/arm-none-eabi/12.3.1/thumb/v7-m/nofp/crtbegin.o
                [!provide]                        PROVIDE (__fini_array_end = .)
                0x08008928                        . = ALIGN (0x4)
                0x08008928                        _sidata = LOADADDR (.data)

.rel.dyn        0x08008928        0x0
 .rel.iplt      0x08008928        0x0 C:/ST/STM32CubeIDE_1.15.0/STM32CubeIDE/plugins/com.st.stm32cube.ide.mcu.externaltools.gnu-tools-for-stm32.12.3.rel1.win32_1.0.100.202403111256/tools/bin/../lib/gcc/arm-none-eabi/12.3.1/thumb/v7-m/nofp/crtbegin.o

.data           0x20000000      0x184 load address 0x08008928
                0x20000000                        . = ALIGN (0x4)
                0x20000000                        _sdata = .
 *(.data)
 *(.data*)
 .data.test_buf
                0x20000000        0x5 ./Core/Src/main.o
                0x20000000                test_buf
 *fill*         0x20000005        0x3 
 .data.SystemCoreClock
                0x20000008        0x4 ./Core/Src/system_stm32f1xx.o
                0x20000008                SystemCoreClock
 .data.uwTickPrio
                0x2000000c        0x4 ./Drivers/STM32F1xx_HAL_Driver/Src/stm32f1xx_hal.o
                0x2000000c                uwTickPrio
 .data.uwTickFreq
                0x20000010        0x1 ./Drivers/STM32F1xx_HAL_Driver/Src/stm32f1xx_hal.o
                0x20000010                uwTickFreq
 *fill*         0x20000011        0x3 
 .data.USBD_CDC_DeviceQualifierDesc
                0x20000014        0xa ./Middlewares/ST/STM32_USB_Device_Library/Class/CDC/Src/usbd_cdc.o
 *fill*         0x2000001e        0x2 
 .data.USBD_CDC
                0x20000020       0x38 ./Middlewares/ST/STM32_USB_Device_Library/Class/CDC/Src/usbd_cdc.o
                0x20000020                USBD_CDC
 .data.USBD_CDC_CfgHSDesc
                0x20000058       0x43 ./Middlewares/ST/STM32_USB_Device_Library/Class/CDC/Src/usbd_cdc.o
                0x20000058                USBD_CDC_CfgHSDesc
 *fill*         0x2000009b        0x1 
 .data.USBD_CDC_CfgFSDesc
                0x2000009c       0x43 ./Middlewares/ST/STM32_USB_Device_Library/Class/CDC/Src/usbd_cdc.o
                0x2000009c                USBD_CDC_CfgFSDesc
 *fill*         0x200000df        0x1 
 .data.USBD_CDC_OtherSpeedCfgDesc
                0x200000e0       0x43 ./Middlewares/ST/STM32_USB_Device_Library/Class/CDC/Src/usbd_cdc.o
                0x200000e0                USBD_CDC_OtherSpeedCfgDesc
 *fill*         0x20000123        0x1 
 .data.USBD_Interface_fops_FS
                0x20000124       0x10 ./USB_DEVICE/App/usbd_cdc_if.o
                0x20000124                USBD_Interface_fops_FS
 .data.FS_Desc  0x20000134       0x1c ./USB_DEVICE/App/usbd_desc.o
                0x20000134                FS_Desc
 .data.USBD_FS_DeviceDesc
                0x20000150       0x12 ./USB_DEVICE/App/usbd_desc.o
                0x20000150                USBD_FS_DeviceDesc
 *fill*         0x20000162        0x2 
 .data.USBD_LangIDDesc
                0x20000164        0x4 ./USB_DEVICE/App/usbd_desc.o
                0x20000164                USBD_LangIDDesc
 .data.USBD_StringSerial
                0x20000168       0x1a ./USB_DEVICE/App/usbd_desc.o
                0x20000168                USBD_StringSerial
 *(.RamFunc)
 *(.RamFunc*)
                0x20000184                        . = ALIGN (0x4)
 *fill*         0x20000182        0x2 
                0x20000184                        _edata = .

.igot.plt       0x20000184        0x0 load address 0x08008aac
 .igot.plt      0x20000184        0x0 C:/ST/STM32CubeIDE_1.15.0/STM32CubeIDE/plugins/com.st.stm32cube.ide.mcu.externaltools.gnu-tools-for-stm32.12.3.rel1.win32_1.0.100.202403111256/tools/bin/../lib/gcc/arm-none-eabi/12.3.1/thumb/v7-m/nofp/crtbegin.o
                0x20000184                        . = ALIGN (0x4)

.bss            0x20000184     0x1314 load address 0x08008aac
                0x20000184                        _sbss = .
                0x20000184                        __bss_start__ = _sbss
 *(.bss)
 .bss           0x20000184       0x1c C:/ST/STM32CubeIDE_1.15.0/STM32CubeIDE/plugins/com.st.stm32cube.ide.mcu.externaltools.gnu-tools-for-stm32.12.3.rel1.win32_1.0.100.202403111256/tools/bin/../lib/gcc/arm-none-eabi/12.3.1/thumb/v7-m/nofp/crtbegin.o
 *(.bss*)
 .bss.huart3    0x200001a0       0x48 ./Core/Src/main.o
                0x200001a0                huart3
 .bss.hdma_usart3_rx
                0x200001e8       0x44 ./Core/Src/main.o
                0x200001e8                hdma_usart3_rx
 .bss.hdma_usart3_tx
                0x2000022c       0x44 ./Core/Src/main.o
                0x2000022c                hdma_usart3_tx
 .bss.Receive_CDC_Buffer
                0x20000270       0x40 ./Core/Src/main.o
                0x20000270                Receive_CDC_Buffer
 .bss.Receive_UART_Buffer
                0x200002b0        0xb ./Core/Src/main.o
                0x200002b0                Receive_UART_Buffer
 *fill*         0x200002bb        0x1 
 .bss.uwTick    0x200002bc        0x4 ./Drivers/STM32F1xx_HAL_Driver/Src/stm32f1xx_hal.o
                0x200002bc                uwTick
 .bss.cfgidx.0  0x200002c0        0x1 ./Middlewares/ST/STM32_USB_Device_Library/Core/Src/usbd_ctlreq.o
 *fill*         0x200002c1        0x3 
 .bss.hUsbDeviceFS
                0x200002c4      0x2c4 ./USB_DEVICE/App/usb_device.o
                0x200002c4                hUsbDeviceFS
 .bss.UserRxBufferFS
                0x20000588      0x400 ./USB_DEVICE/App/usbd_cdc_if.o
                0x20000588                UserRxBufferFS
 .bss.UserTxBufferFS
                0x20000988      0x400 ./USB_DEVICE/App/usbd_cdc_if.o
                0x20000988                UserTxBufferFS
 .bss.USBD_StrDesc
                0x20000d88      0x200 ./USB_DEVICE/App/usbd_desc.o
                0x20000d88                USBD_StrDesc
 .bss.hpcd_USB_FS
                0x20000f88      0x2f0 ./USB_DEVICE/Target/usbd_conf.o
                0x20000f88                hpcd_USB_FS
 .bss.mem.0     0x20001278      0x220 ./USB_DEVICE/Target/usbd_conf.o
 *(COMMON)
                0x20001498                        . = ALIGN (0x4)
                0x20001498                        _ebss = .
                0x20001498                        __bss_end__ = _ebss

._user_heap_stack
                0x20001498      0x600 load address 0x08008aac
                0x20001498                        . = ALIGN (0x8)
                [!provide]                        PROVIDE (end = .)
                0x20001498                        PROVIDE (_end = .)
                0x20001698                        . = (. + _Min_Heap_Size)
 *fill*         0x20001498      0x200 
                0x20001a98                        . = (. + _Min_Stack_Size)
 *fill*         0x20001698      0x400 
                0x20001a98                        . = ALIGN (0x8)

/DISCARD/
 libc.a(*)
 libm.a(*)
 libgcc.a(*)

.ARM.attributes
                0x00000000       0x29
 *(.ARM.attributes)
 .ARM.attributes
                0x00000000       0x1d C:/ST/STM32CubeIDE_1.15.0/STM32CubeIDE/plugins/com.st.stm32cube.ide.mcu.externaltools.gnu-tools-for-stm32.12.3.rel1.win32_1.0.100.202403111256/tools/bin/../lib/gcc/arm-none-eabi/12.3.1/thumb/v7-m/nofp/crti.o
 .ARM.attributes
                0x0000001d       0x2d C:/ST/STM32CubeIDE_1.15.0/STM32CubeIDE/plugins/com.st.stm32cube.ide.mcu.externaltools.gnu-tools-for-stm32.12.3.rel1.win32_1.0.100.202403111256/tools/bin/../lib/gcc/arm-none-eabi/12.3.1/thumb/v7-m/nofp/crtbegin.o
 .ARM.attributes
                0x0000004a       0x2d ./Core/Src/main.o
 .ARM.attributes
                0x00000077       0x2d ./Core/Src/stm32f1xx_hal_msp.o
 .ARM.attributes
                0x000000a4       0x2d ./Core/Src/stm32f1xx_it.o
 .ARM.attributes
                0x000000d1       0x2d ./Core/Src/system_stm32f1xx.o
 .ARM.attributes
                0x000000fe       0x21 ./Core/Startup/startup_stm32f103c8tx.o
 .ARM.attributes
                0x0000011f       0x2d ./Drivers/STM32F1xx_HAL_Driver/Src/stm32f1xx_hal.o
 .ARM.attributes
                0x0000014c       0x2d ./Drivers/STM32F1xx_HAL_Driver/Src/stm32f1xx_hal_cortex.o
 .ARM.attributes
                0x00000179       0x2d ./Drivers/STM32F1xx_HAL_Driver/Src/stm32f1xx_hal_dma.o
 .ARM.attributes
                0x000001a6       0x2d ./Drivers/STM32F1xx_HAL_Driver/Src/stm32f1xx_hal_gpio.o
 .ARM.attributes
                0x000001d3       0x2d ./Drivers/STM32F1xx_HAL_Driver/Src/stm32f1xx_hal_pcd.o
 .ARM.attributes
                0x00000200       0x2d ./Drivers/STM32F1xx_HAL_Driver/Src/stm32f1xx_hal_pcd_ex.o
 .ARM.attributes
                0x0000022d       0x2d ./Drivers/STM32F1xx_HAL_Driver/Src/stm32f1xx_hal_rcc.o
 .ARM.attributes
                0x0000025a       0x2d ./Drivers/STM32F1xx_HAL_Driver/Src/stm32f1xx_hal_rcc_ex.o
 .ARM.attributes
                0x00000287       0x2d ./Drivers/STM32F1xx_HAL_Driver/Src/stm32f1xx_hal_uart.o
 .ARM.attributes
                0x000002b4       0x2d ./Drivers/STM32F1xx_HAL_Driver/Src/stm32f1xx_ll_usb.o
 .ARM.attributes
                0x000002e1       0x2d ./Middlewares/ST/STM32_USB_Device_Library/Class/CDC/Src/usbd_cdc.o
 .ARM.attributes
                0x0000030e       0x2d ./Middlewares/ST/STM32_USB_Device_Library/Core/Src/usbd_core.o
 .ARM.attributes
                0x0000033b       0x2d ./Middlewares/ST/STM32_USB_Device_Library/Core/Src/usbd_ctlreq.o
 .ARM.attributes
                0x00000368       0x2d ./Middlewares/ST/STM32_USB_Device_Library/Core/Src/usbd_ioreq.o
 .ARM.attributes
                0x00000395       0x2d ./USB_DEVICE/App/usb_device.o
 .ARM.attributes
                0x000003c2       0x2d ./USB_DEVICE/App/usbd_cdc_if.o
 .ARM.attributes
                0x000003ef       0x2d ./USB_DEVICE/App/usbd_desc.o
 .ARM.attributes
                0x0000041c       0x2d ./USB_DEVICE/Target/usbd_conf.o
 .ARM.attributes
                0x00000449       0x2d C:/ST/STM32CubeIDE_1.15.0/STM32CubeIDE/plugins/com.st.stm32cube.ide.mcu.externaltools.gnu-tools-for-stm32.12.3.rel1.win32_1.0.100.202403111256/tools/bin/../lib/gcc/arm-none-eabi/12.3.1/../../../../arm-none-eabi/lib/thumb/v7-m/nofp\libc_nano.a(libc_a-memset.o)
 .ARM.attributes
                0x00000476       0x2d C:/ST/STM32CubeIDE_1.15.0/STM32CubeIDE/plugins/com.st.stm32cube.ide.mcu.externaltools.gnu-tools-for-stm32.12.3.rel1.win32_1.0.100.202403111256/tools/bin/../lib/gcc/arm-none-eabi/12.3.1/../../../../arm-none-eabi/lib/thumb/v7-m/nofp\libc_nano.a(libc_a-init.o)
 .ARM.attributes
                0x000004a3       0x2d C:/ST/STM32CubeIDE_1.15.0/STM32CubeIDE/plugins/com.st.stm32cube.ide.mcu.externaltools.gnu-tools-for-stm32.12.3.rel1.win32_1.0.100.202403111256/tools/bin/../lib/gcc/arm-none-eabi/12.3.1/../../../../arm-none-eabi/lib/thumb/v7-m/nofp\libc_nano.a(libc_a-memcpy-stub.o)
 .ARM.attributes
                0x000004d0       0x1d C:/ST/STM32CubeIDE_1.15.0/STM32CubeIDE/plugins/com.st.stm32cube.ide.mcu.externaltools.gnu-tools-for-stm32.12.3.rel1.win32_1.0.100.202403111256/tools/bin/../lib/gcc/arm-none-eabi/12.3.1/thumb/v7-m/nofp/crtn.o
OUTPUT(stm32_smart_v2.elf elf32-littlearm)
LOAD linker stubs
LOAD C:/ST/STM32CubeIDE_1.15.0/STM32CubeIDE/plugins/com.st.stm32cube.ide.mcu.externaltools.gnu-tools-for-stm32.12.3.rel1.win32_1.0.100.202403111256/tools/bin/../lib/gcc/arm-none-eabi/12.3.1/../../../../arm-none-eabi/lib/thumb/v7-m/nofp\libc.a
LOAD C:/ST/STM32CubeIDE_1.15.0/STM32CubeIDE/plugins/com.st.stm32cube.ide.mcu.externaltools.gnu-tools-for-stm32.12.3.rel1.win32_1.0.100.202403111256/tools/bin/../lib/gcc/arm-none-eabi/12.3.1/../../../../arm-none-eabi/lib/thumb/v7-m/nofp\libm.a
LOAD C:/ST/STM32CubeIDE_1.15.0/STM32CubeIDE/plugins/com.st.stm32cube.ide.mcu.externaltools.gnu-tools-for-stm32.12.3.rel1.win32_1.0.100.202403111256/tools/bin/../lib/gcc/arm-none-eabi/12.3.1/thumb/v7-m/nofp\libgcc.a

.debug_info     0x00000000    0x1093a
 .debug_info    0x00000000      0xe74 ./Core/Src/main.o
 .debug_info    0x00000e74      0xa00 ./Core/Src/stm32f1xx_hal_msp.o
 .debug_info    0x00001874      0xa94 ./Core/Src/stm32f1xx_it.o
 .debug_info    0x00002308      0x222 ./Core/Src/system_stm32f1xx.o
 .debug_info    0x0000252a       0x30 ./Core/Startup/startup_stm32f103c8tx.o
 .debug_info    0x0000255a      0x704 ./Drivers/STM32F1xx_HAL_Driver/Src/stm32f1xx_hal.o
 .debug_info    0x00002c5e      0xa87 ./Drivers/STM32F1xx_HAL_Driver/Src/stm32f1xx_hal_cortex.o
 .debug_info    0x000036e5      0x6d2 ./Drivers/STM32F1xx_HAL_Driver/Src/stm32f1xx_hal_dma.o
 .debug_info    0x00003db7      0x5ab ./Drivers/STM32F1xx_HAL_Driver/Src/stm32f1xx_hal_gpio.o
 .debug_info    0x00004362     0x16cf ./Drivers/STM32F1xx_HAL_Driver/Src/stm32f1xx_hal_pcd.o
 .debug_info    0x00005a31      0x6b6 ./Drivers/STM32F1xx_HAL_Driver/Src/stm32f1xx_hal_pcd_ex.o
 .debug_info    0x000060e7      0x7d5 ./Drivers/STM32F1xx_HAL_Driver/Src/stm32f1xx_hal_rcc.o
 .debug_info    0x000068bc      0x3c0 ./Drivers/STM32F1xx_HAL_Driver/Src/stm32f1xx_hal_rcc_ex.o
 .debug_info    0x00006c7c     0x2fa8 ./Drivers/STM32F1xx_HAL_Driver/Src/stm32f1xx_hal_uart.o
 .debug_info    0x00009c24     0x17a2 ./Drivers/STM32F1xx_HAL_Driver/Src/stm32f1xx_ll_usb.o
 .debug_info    0x0000b3c6     0x1036 ./Middlewares/ST/STM32_USB_Device_Library/Class/CDC/Src/usbd_cdc.o
 .debug_info    0x0000c3fc      0xa52 ./Middlewares/ST/STM32_USB_Device_Library/Core/Src/usbd_core.o
 .debug_info    0x0000ce4e      0x91c ./Middlewares/ST/STM32_USB_Device_Library/Core/Src/usbd_ctlreq.o
 .debug_info    0x0000d76a      0x6a0 ./Middlewares/ST/STM32_USB_Device_Library/Core/Src/usbd_ioreq.o
 .debug_info    0x0000de0a      0x63d ./USB_DEVICE/App/usb_device.o
 .debug_info    0x0000e447      0x852 ./USB_DEVICE/App/usbd_cdc_if.o
 .debug_info    0x0000ec99      0x44a ./USB_DEVICE/App/usbd_desc.o
 .debug_info    0x0000f0e3     0x1857 ./USB_DEVICE/Target/usbd_conf.o

.debug_abbrev   0x00000000     0x3047
 .debug_abbrev  0x00000000      0x2b3 ./Core/Src/main.o
 .debug_abbrev  0x000002b3      0x20b ./Core/Src/stm32f1xx_hal_msp.o
 .debug_abbrev  0x000004be      0x1bb ./Core/Src/stm32f1xx_it.o
 .debug_abbrev  0x00000679      0x13f ./Core/Src/system_stm32f1xx.o
 .debug_abbrev  0x000007b8       0x24 ./Core/Startup/startup_stm32f103c8tx.o
 .debug_abbrev  0x000007dc      0x201 ./Drivers/STM32F1xx_HAL_Driver/Src/stm32f1xx_hal.o
 .debug_abbrev  0x000009dd      0x2f8 ./Drivers/STM32F1xx_HAL_Driver/Src/stm32f1xx_hal_cortex.o
 .debug_abbrev  0x00000cd5      0x20b ./Drivers/STM32F1xx_HAL_Driver/Src/stm32f1xx_hal_dma.o
 .debug_abbrev  0x00000ee0      0x1ca ./Drivers/STM32F1xx_HAL_Driver/Src/stm32f1xx_hal_gpio.o
 .debug_abbrev  0x000010aa      0x2d6 ./Drivers/STM32F1xx_HAL_Driver/Src/stm32f1xx_hal_pcd.o
 .debug_abbrev  0x00001380      0x189 ./Drivers/STM32F1xx_HAL_Driver/Src/stm32f1xx_hal_pcd_ex.o
 .debug_abbrev  0x00001509      0x2b3 ./Drivers/STM32F1xx_HAL_Driver/Src/stm32f1xx_hal_rcc.o
 .debug_abbrev  0x000017bc      0x188 ./Drivers/STM32F1xx_HAL_Driver/Src/stm32f1xx_hal_rcc_ex.o
 .debug_abbrev  0x00001944      0x2f8 ./Drivers/STM32F1xx_HAL_Driver/Src/stm32f1xx_hal_uart.o
 .debug_abbrev  0x00001c3c      0x1de ./Drivers/STM32F1xx_HAL_Driver/Src/stm32f1xx_ll_usb.o
 .debug_abbrev  0x00001e1a      0x2d3 ./Middlewares/ST/STM32_USB_Device_Library/Class/CDC/Src/usbd_cdc.o
 .debug_abbrev  0x000020ed      0x24a ./Middlewares/ST/STM32_USB_Device_Library/Core/Src/usbd_core.o
 .debug_abbrev  0x00002337      0x26b ./Middlewares/ST/STM32_USB_Device_Library/Core/Src/usbd_ctlreq.o
 .debug_abbrev  0x000025a2      0x192 ./Middlewares/ST/STM32_USB_Device_Library/Core/Src/usbd_ioreq.o
 .debug_abbrev  0x00002734      0x18d ./USB_DEVICE/App/usb_device.o
 .debug_abbrev  0x000028c1      0x271 ./USB_DEVICE/App/usbd_cdc_if.o
 .debug_abbrev  0x00002b32      0x1ff ./USB_DEVICE/App/usbd_desc.o
 .debug_abbrev  0x00002d31      0x316 ./USB_DEVICE/Target/usbd_conf.o

.debug_aranges  0x00000000      0xd40
 .debug_aranges
                0x00000000       0x58 ./Core/Src/main.o
 .debug_aranges
                0x00000058       0x30 ./Core/Src/stm32f1xx_hal_msp.o
 .debug_aranges
                0x00000088       0x80 ./Core/Src/stm32f1xx_it.o
 .debug_aranges
                0x00000108       0x28 ./Core/Src/system_stm32f1xx.o
 .debug_aranges
                0x00000130       0x28 ./Core/Startup/startup_stm32f103c8tx.o
 .debug_aranges
                0x00000158       0xe0 ./Drivers/STM32F1xx_HAL_Driver/Src/stm32f1xx_hal.o
 .debug_aranges
                0x00000238      0x100 ./Drivers/STM32F1xx_HAL_Driver/Src/stm32f1xx_hal_cortex.o
 .debug_aranges
                0x00000338       0x80 ./Drivers/STM32F1xx_HAL_Driver/Src/stm32f1xx_hal_dma.o
 .debug_aranges
                0x000003b8       0x58 ./Drivers/STM32F1xx_HAL_Driver/Src/stm32f1xx_hal_gpio.o
 .debug_aranges
                0x00000410      0x140 ./Drivers/STM32F1xx_HAL_Driver/Src/stm32f1xx_hal_pcd.o
 .debug_aranges
                0x00000550       0x38 ./Drivers/STM32F1xx_HAL_Driver/Src/stm32f1xx_hal_pcd_ex.o
 .debug_aranges
                0x00000588       0x90 ./Drivers/STM32F1xx_HAL_Driver/Src/stm32f1xx_hal_rcc.o
 .debug_aranges
                0x00000618       0x30 ./Drivers/STM32F1xx_HAL_Driver/Src/stm32f1xx_hal_rcc_ex.o
 .debug_aranges
                0x00000648      0x208 ./Drivers/STM32F1xx_HAL_Driver/Src/stm32f1xx_hal_uart.o
 .debug_aranges
                0x00000850       0xf8 ./Drivers/STM32F1xx_HAL_Driver/Src/stm32f1xx_ll_usb.o
 .debug_aranges
                0x00000948       0x90 ./Middlewares/ST/STM32_USB_Device_Library/Class/CDC/Src/usbd_cdc.o
 .debug_aranges
                0x000009d8       0xb8 ./Middlewares/ST/STM32_USB_Device_Library/Core/Src/usbd_core.o
 .debug_aranges
                0x00000a90       0x88 ./Middlewares/ST/STM32_USB_Device_Library/Core/Src/usbd_ctlreq.o
 .debug_aranges
                0x00000b18       0x50 ./Middlewares/ST/STM32_USB_Device_Library/Core/Src/usbd_ioreq.o
 .debug_aranges
                0x00000b68       0x20 ./USB_DEVICE/App/usb_device.o
 .debug_aranges
                0x00000b88       0x40 ./USB_DEVICE/App/usbd_cdc_if.o
 .debug_aranges
                0x00000bc8       0x60 ./USB_DEVICE/App/usbd_desc.o
 .debug_aranges
                0x00000c28      0x118 ./USB_DEVICE/Target/usbd_conf.o

.debug_rnglists
                0x00000000      0x9f0
 .debug_rnglists
                0x00000000       0x3f ./Core/Src/main.o
 .debug_rnglists
                0x0000003f       0x20 ./Core/Src/stm32f1xx_hal_msp.o
 .debug_rnglists
                0x0000005f       0x5b ./Core/Src/stm32f1xx_it.o
 .debug_rnglists
                0x000000ba       0x1a ./Core/Src/system_stm32f1xx.o
 .debug_rnglists
                0x000000d4       0x19 ./Core/Startup/startup_stm32f103c8tx.o
 .debug_rnglists
                0x000000ed       0xa3 ./Drivers/STM32F1xx_HAL_Driver/Src/stm32f1xx_hal.o
 .debug_rnglists
                0x00000190       0xbb ./Drivers/STM32F1xx_HAL_Driver/Src/stm32f1xx_hal_cortex.o
 .debug_rnglists
                0x0000024b       0x64 ./Drivers/STM32F1xx_HAL_Driver/Src/stm32f1xx_hal_dma.o
 .debug_rnglists
                0x000002af       0x3f ./Drivers/STM32F1xx_HAL_Driver/Src/stm32f1xx_hal_gpio.o
 .debug_rnglists
                0x000002ee       0xf4 ./Drivers/STM32F1xx_HAL_Driver/Src/stm32f1xx_hal_pcd.o
 .debug_rnglists
                0x000003e2       0x26 ./Drivers/STM32F1xx_HAL_Driver/Src/stm32f1xx_hal_pcd_ex.o
 .debug_rnglists
                0x00000408       0x6c ./Drivers/STM32F1xx_HAL_Driver/Src/stm32f1xx_hal_rcc.o
 .debug_rnglists
                0x00000474       0x21 ./Drivers/STM32F1xx_HAL_Driver/Src/stm32f1xx_hal_rcc_ex.o
 .debug_rnglists
                0x00000495      0x1bc ./Drivers/STM32F1xx_HAL_Driver/Src/stm32f1xx_hal_uart.o
 .debug_rnglists
                0x00000651       0xbd ./Drivers/STM32F1xx_HAL_Driver/Src/stm32f1xx_ll_usb.o
 .debug_rnglists
                0x0000070e       0x6a ./Middlewares/ST/STM32_USB_Device_Library/Class/CDC/Src/usbd_cdc.o
 .debug_rnglists
                0x00000778       0x89 ./Middlewares/ST/STM32_USB_Device_Library/Core/Src/usbd_core.o
 .debug_rnglists
                0x00000801       0x68 ./Middlewares/ST/STM32_USB_Device_Library/Core/Src/usbd_ctlreq.o
 .debug_rnglists
                0x00000869       0x37 ./Middlewares/ST/STM32_USB_Device_Library/Core/Src/usbd_ioreq.o
 .debug_rnglists
                0x000008a0       0x13 ./USB_DEVICE/App/usb_device.o
 .debug_rnglists
                0x000008b3       0x2c ./USB_DEVICE/App/usbd_cdc_if.o
 .debug_rnglists
                0x000008df       0x43 ./USB_DEVICE/App/usbd_desc.o
 .debug_rnglists
                0x00000922       0xce ./USB_DEVICE/Target/usbd_conf.o

.debug_macro    0x00000000    0x1978d
 .debug_macro   0x00000000      0x379 ./Core/Src/main.o
 .debug_macro   0x00000379      0xaa8 ./Core/Src/main.o
 .debug_macro   0x00000e21      0x221 ./Core/Src/main.o
 .debug_macro   0x00001042       0x2e ./Core/Src/main.o
 .debug_macro   0x00001070       0x22 ./Core/Src/main.o
 .debug_macro   0x00001092       0x22 ./Core/Src/main.o
 .debug_macro   0x000010b4       0x8e ./Core/Src/main.o
 .debug_macro   0x00001142       0x51 ./Core/Src/main.o
 .debug_macro   0x00001193      0x103 ./Core/Src/main.o
 .debug_macro   0x00001296       0x6a ./Core/Src/main.o
 .debug_macro   0x00001300      0x1df ./Core/Src/main.o
 .debug_macro   0x000014df       0x1c ./Core/Src/main.o
 .debug_macro   0x000014fb       0x22 ./Core/Src/main.o
 .debug_macro   0x0000151d       0xbd ./Core/Src/main.o
 .debug_macro   0x000015da      0xd23 ./Core/Src/main.o
 .debug_macro   0x000022fd     0xe09e ./Core/Src/main.o
 .debug_macro   0x0001039b       0x6d ./Core/Src/main.o
 .debug_macro   0x00010408     0x348d ./Core/Src/main.o
 .debug_macro   0x00013895      0x189 ./Core/Src/main.o
 .debug_macro   0x00013a1e       0x5c ./Core/Src/main.o
 .debug_macro   0x00013a7a      0x5bc ./Core/Src/main.o
 .debug_macro   0x00014036      0x289 ./Core/Src/main.o
 .debug_macro   0x000142bf      0x1cb ./Core/Src/main.o
 .debug_macro   0x0001448a      0x114 ./Core/Src/main.o
 .debug_macro   0x0001459e      0x1b2 ./Core/Src/main.o
 .debug_macro   0x00014750       0x27 ./Core/Src/main.o
 .debug_macro   0x00014777      0x136 ./Core/Src/main.o
 .debug_macro   0x000148ad      0x1bc ./Core/Src/main.o
 .debug_macro   0x00014a69       0x34 ./Core/Src/main.o
 .debug_macro   0x00014a9d       0x3c ./Core/Src/main.o
 .debug_macro   0x00014ad9       0x57 ./Core/Src/main.o
 .debug_macro   0x00014b30       0x87 ./Core/Src/main.o
 .debug_macro   0x00014bb7      0x240 ./Core/Src/main.o
 .debug_macro   0x00014df7      0x140 ./Core/Src/main.o
 .debug_macro   0x00014f37      0x28e ./Core/Src/main.o
 .debug_macro   0x000151c5       0xab ./Core/Src/main.o
 .debug_macro   0x00015270      0x242 ./Core/Src/main.o
 .debug_macro   0x000154b2       0x83 ./Core/Src/main.o
 .debug_macro   0x00015535       0x10 ./Core/Src/main.o
 .debug_macro   0x00015545       0x61 ./Core/Src/main.o
 .debug_macro   0x000155a6       0x24 ./Core/Src/main.o
 .debug_macro   0x000155ca       0x43 ./Core/Src/main.o
 .debug_macro   0x0001560d       0x34 ./Core/Src/main.o
 .debug_macro   0x00015641       0x16 ./Core/Src/main.o
 .debug_macro   0x00015657       0x35 ./Core/Src/main.o
 .debug_macro   0x0001568c      0x369 ./Core/Src/main.o
 .debug_macro   0x000159f5       0x10 ./Core/Src/main.o
 .debug_macro   0x00015a05       0x16 ./Core/Src/main.o
 .debug_macro   0x00015a1b       0x43 ./Core/Src/main.o
 .debug_macro   0x00015a5e       0x34 ./Core/Src/main.o
 .debug_macro   0x00015a92       0x10 ./Core/Src/main.o
 .debug_macro   0x00015aa2       0x58 ./Core/Src/main.o
 .debug_macro   0x00015afa       0x8e ./Core/Src/main.o
 .debug_macro   0x00015b88       0x1c ./Core/Src/main.o
 .debug_macro   0x00015ba4      0x177 ./Core/Src/main.o
 .debug_macro   0x00015d1b       0x16 ./Core/Src/main.o
 .debug_macro   0x00015d31       0x16 ./Core/Src/main.o
 .debug_macro   0x00015d47      0x146 ./Core/Src/main.o
 .debug_macro   0x00015e8d       0x16 ./Core/Src/main.o
 .debug_macro   0x00015ea3       0x16 ./Core/Src/main.o
 .debug_macro   0x00015eb9       0x29 ./Core/Src/main.o
 .debug_macro   0x00015ee2       0x16 ./Core/Src/main.o
 .debug_macro   0x00015ef8       0x20 ./Core/Src/main.o
 .debug_macro   0x00015f18       0x5f ./Core/Src/main.o
 .debug_macro   0x00015f77      0x1c8 ./Core/Src/main.o
 .debug_macro   0x0001613f       0x8f ./Core/Src/main.o
 .debug_macro   0x000161ce       0x10 ./Core/Src/main.o
 .debug_macro   0x000161de      0x1c1 ./Core/Src/stm32f1xx_hal_msp.o
 .debug_macro   0x0001639f      0x1cb ./Core/Src/stm32f1xx_it.o
 .debug_macro   0x0001656a      0x1b2 ./Core/Src/system_stm32f1xx.o
 .debug_macro   0x0001671c      0x1d6 ./Drivers/STM32F1xx_HAL_Driver/Src/stm32f1xx_hal.o
 .debug_macro   0x000168f2      0x1b2 ./Drivers/STM32F1xx_HAL_Driver/Src/stm32f1xx_hal_cortex.o
 .debug_macro   0x00016aa4      0x1b2 ./Drivers/STM32F1xx_HAL_Driver/Src/stm32f1xx_hal_dma.o
 .debug_macro   0x00016c56      0x21d ./Drivers/STM32F1xx_HAL_Driver/Src/stm32f1xx_hal_gpio.o
 .debug_macro   0x00016e73      0x1be ./Drivers/STM32F1xx_HAL_Driver/Src/stm32f1xx_hal_pcd.o
 .debug_macro   0x00017031      0x1b2 ./Drivers/STM32F1xx_HAL_Driver/Src/stm32f1xx_hal_pcd_ex.o
 .debug_macro   0x000171e3      0x1c4 ./Drivers/STM32F1xx_HAL_Driver/Src/stm32f1xx_hal_rcc.o
 .debug_macro   0x000173a7      0x1b2 ./Drivers/STM32F1xx_HAL_Driver/Src/stm32f1xx_hal_rcc_ex.o
 .debug_macro   0x00017559      0x1b3 ./Drivers/STM32F1xx_HAL_Driver/Src/stm32f1xx_hal_uart.o
 .debug_macro   0x0001770c      0x1b2 ./Drivers/STM32F1xx_HAL_Driver/Src/stm32f1xx_ll_usb.o
 .debug_macro   0x000178be      0x350 ./Middlewares/ST/STM32_USB_Device_Library/Class/CDC/Src/usbd_cdc.o
 .debug_macro   0x00017c0e       0x9e ./Middlewares/ST/STM32_USB_Device_Library/Class/CDC/Src/usbd_cdc.o
 .debug_macro   0x00017cac      0x10b ./Middlewares/ST/STM32_USB_Device_Library/Class/CDC/Src/usbd_cdc.o
 .debug_macro   0x00017db7       0x56 ./Middlewares/ST/STM32_USB_Device_Library/Class/CDC/Src/usbd_cdc.o
 .debug_macro   0x00017e0d      0x337 ./Middlewares/ST/STM32_USB_Device_Library/Core/Src/usbd_core.o
 .debug_macro   0x00018144      0x1ce ./Middlewares/ST/STM32_USB_Device_Library/Core/Src/usbd_core.o
 .debug_macro   0x00018312      0x341 ./Middlewares/ST/STM32_USB_Device_Library/Core/Src/usbd_ctlreq.o
 .debug_macro   0x00018653      0x33d ./Middlewares/ST/STM32_USB_Device_Library/Core/Src/usbd_ioreq.o
 .debug_macro   0x00018990      0x370 ./USB_DEVICE/App/usb_device.o
 .debug_macro   0x00018d00       0x16 ./USB_DEVICE/App/usb_device.o
 .debug_macro   0x00018d16       0x22 ./USB_DEVICE/App/usb_device.o
 .debug_macro   0x00018d38       0x16 ./USB_DEVICE/App/usb_device.o
 .debug_macro   0x00018d4e      0x35b ./USB_DEVICE/App/usbd_cdc_if.o
 .debug_macro   0x000190a9      0x374 ./USB_DEVICE/App/usbd_desc.o
 .debug_macro   0x0001941d       0x1c ./USB_DEVICE/App/usbd_desc.o
 .debug_macro   0x00019439      0x354 ./USB_DEVICE/Target/usbd_conf.o

.debug_line     0x00000000    0x11ec3
 .debug_line    0x00000000      0xb19 ./Core/Src/main.o
 .debug_line    0x00000b19      0x7b8 ./Core/Src/stm32f1xx_hal_msp.o
 .debug_line    0x000012d1      0x83d ./Core/Src/stm32f1xx_it.o
 .debug_line    0x00001b0e      0x799 ./Core/Src/system_stm32f1xx.o
 .debug_line    0x000022a7       0x78 ./Core/Startup/startup_stm32f103c8tx.o
 .debug_line    0x0000231f      0x9c6 ./Drivers/STM32F1xx_HAL_Driver/Src/stm32f1xx_hal.o
 .debug_line    0x00002ce5      0xbb2 ./Drivers/STM32F1xx_HAL_Driver/Src/stm32f1xx_hal_cortex.o
 .debug_line    0x00003897      0xe1f ./Drivers/STM32F1xx_HAL_Driver/Src/stm32f1xx_hal_dma.o
 .debug_line    0x000046b6      0xa5f ./Drivers/STM32F1xx_HAL_Driver/Src/stm32f1xx_hal_gpio.o
 .debug_line    0x00005115     0x1421 ./Drivers/STM32F1xx_HAL_Driver/Src/stm32f1xx_hal_pcd.o
 .debug_line    0x00006536      0x794 ./Drivers/STM32F1xx_HAL_Driver/Src/stm32f1xx_hal_pcd_ex.o
 .debug_line    0x00006cca      0xdcf ./Drivers/STM32F1xx_HAL_Driver/Src/stm32f1xx_hal_rcc.o
 .debug_line    0x00007a99      0x910 ./Drivers/STM32F1xx_HAL_Driver/Src/stm32f1xx_hal_rcc_ex.o
 .debug_line    0x000083a9     0x290f ./Drivers/STM32F1xx_HAL_Driver/Src/stm32f1xx_hal_uart.o
 .debug_line    0x0000acb8     0x1097 ./Drivers/STM32F1xx_HAL_Driver/Src/stm32f1xx_ll_usb.o
 .debug_line    0x0000bd4f      0xd1e ./Middlewares/ST/STM32_USB_Device_Library/Class/CDC/Src/usbd_cdc.o
 .debug_line    0x0000ca6d      0xd9a ./Middlewares/ST/STM32_USB_Device_Library/Core/Src/usbd_core.o
 .debug_line    0x0000d807      0xfda ./Middlewares/ST/STM32_USB_Device_Library/Core/Src/usbd_ctlreq.o
 .debug_line    0x0000e7e1      0xa30 ./Middlewares/ST/STM32_USB_Device_Library/Core/Src/usbd_ioreq.o
 .debug_line    0x0000f211      0x9f0 ./USB_DEVICE/App/usb_device.o
 .debug_line    0x0000fc01      0xa41 ./USB_DEVICE/App/usbd_cdc_if.o
 .debug_line    0x00010642      0xaa9 ./USB_DEVICE/App/usbd_desc.o
 .debug_line    0x000110eb      0xdd8 ./USB_DEVICE/Target/usbd_conf.o

.debug_str      0x00000000    0x86fc0
 .debug_str     0x00000000    0x8403f ./Core/Src/main.o
                              0x844a8 (size before relaxing)
 .debug_str     0x0008403f       0xbe ./Core/Src/stm32f1xx_hal_msp.o
                              0x7fae9 (size before relaxing)
 .debug_str     0x000840fd      0x438 ./Core/Src/stm32f1xx_it.o
                              0x7fab6 (size before relaxing)
 .debug_str     0x00084535       0x7e ./Core/Src/system_stm32f1xx.o
                              0x7f2cc (size before relaxing)
 .debug_str     0x000845b3       0x44 ./Core/Startup/startup_stm32f103c8tx.o
                                 0x73 (size before relaxing)
 .debug_str     0x000845f7      0x384 ./Drivers/STM32F1xx_HAL_Driver/Src/stm32f1xx_hal.o
                              0x7f9ff (size before relaxing)
 .debug_str     0x0008497b      0x26c ./Drivers/STM32F1xx_HAL_Driver/Src/stm32f1xx_hal_cortex.o
                              0x7f94b (size before relaxing)
 .debug_str     0x00084be7      0x20b ./Drivers/STM32F1xx_HAL_Driver/Src/stm32f1xx_hal_dma.o
                              0x7f675 (size before relaxing)
 .debug_str     0x00084df2      0x2ce ./Drivers/STM32F1xx_HAL_Driver/Src/stm32f1xx_hal_gpio.o
                              0x7f652 (size before relaxing)
 .debug_str     0x000850c0      0x5bd ./Drivers/STM32F1xx_HAL_Driver/Src/stm32f1xx_hal_pcd.o
                              0x7fbde (size before relaxing)
 .debug_str     0x0008567d      0x170 ./Drivers/STM32F1xx_HAL_Driver/Src/stm32f1xx_hal_pcd_ex.o
                              0x7f740 (size before relaxing)
 .debug_str     0x000857ed      0x229 ./Drivers/STM32F1xx_HAL_Driver/Src/stm32f1xx_hal_rcc.o
                              0x7f6fb (size before relaxing)
 .debug_str     0x00085a16       0x9f ./Drivers/STM32F1xx_HAL_Driver/Src/stm32f1xx_hal_rcc_ex.o
                              0x7f44b (size before relaxing)
 .debug_str     0x00085ab5      0x5ab ./Drivers/STM32F1xx_HAL_Driver/Src/stm32f1xx_hal_uart.o
                              0x7fd6c (size before relaxing)
 .debug_str     0x00086060      0x129 ./Drivers/STM32F1xx_HAL_Driver/Src/stm32f1xx_ll_usb.o
                              0x7f792 (size before relaxing)
 .debug_str     0x00086189      0x635 ./Middlewares/ST/STM32_USB_Device_Library/Class/CDC/Src/usbd_cdc.o
                              0x841b2 (size before relaxing)
 .debug_str     0x000867be      0x281 ./Middlewares/ST/STM32_USB_Device_Library/Core/Src/usbd_core.o
                              0x83aed (size before relaxing)
 .debug_str     0x00086a3f      0x120 ./Middlewares/ST/STM32_USB_Device_Library/Core/Src/usbd_ctlreq.o
                              0x83a07 (size before relaxing)
 .debug_str     0x00086b5f       0x51 ./Middlewares/ST/STM32_USB_Device_Library/Core/Src/usbd_ioreq.o
                              0x83934 (size before relaxing)
 .debug_str     0x00086bb0       0xc6 ./USB_DEVICE/App/usb_device.o
                              0x83cbf (size before relaxing)
 .debug_str     0x00086c76       0x7d ./USB_DEVICE/App/usbd_cdc_if.o
                              0x83d06 (size before relaxing)
 .debug_str     0x00086cf3      0x255 ./USB_DEVICE/App/usbd_desc.o
                              0x8386d (size before relaxing)
 .debug_str     0x00086f48       0x78 ./USB_DEVICE/Target/usbd_conf.o
                              0x8473f (size before relaxing)

.comment        0x00000000       0x43
 .comment       0x00000000       0x43 ./Core/Src/main.o
                                 0x44 (size before relaxing)
 .comment       0x00000043       0x44 ./Core/Src/stm32f1xx_hal_msp.o
 .comment       0x00000043       0x44 ./Core/Src/stm32f1xx_it.o
 .comment       0x00000043       0x44 ./Core/Src/system_stm32f1xx.o
 .comment       0x00000043       0x44 ./Drivers/STM32F1xx_HAL_Driver/Src/stm32f1xx_hal.o
 .comment       0x00000043       0x44 ./Drivers/STM32F1xx_HAL_Driver/Src/stm32f1xx_hal_cortex.o
 .comment       0x00000043       0x44 ./Drivers/STM32F1xx_HAL_Driver/Src/stm32f1xx_hal_dma.o
 .comment       0x00000043       0x44 ./Drivers/STM32F1xx_HAL_Driver/Src/stm32f1xx_hal_gpio.o
 .comment       0x00000043       0x44 ./Drivers/STM32F1xx_HAL_Driver/Src/stm32f1xx_hal_pcd.o
 .comment       0x00000043       0x44 ./Drivers/STM32F1xx_HAL_Driver/Src/stm32f1xx_hal_pcd_ex.o
 .comment       0x00000043       0x44 ./Drivers/STM32F1xx_HAL_Driver/Src/stm32f1xx_hal_rcc.o
 .comment       0x00000043       0x44 ./Drivers/STM32F1xx_HAL_Driver/Src/stm32f1xx_hal_rcc_ex.o
 .comment       0x00000043       0x44 ./Drivers/STM32F1xx_HAL_Driver/Src/stm32f1xx_hal_uart.o
 .comment       0x00000043       0x44 ./Drivers/STM32F1xx_HAL_Driver/Src/stm32f1xx_ll_usb.o
 .comment       0x00000043       0x44 ./Middlewares/ST/STM32_USB_Device_Library/Class/CDC/Src/usbd_cdc.o
 .comment       0x00000043       0x44 ./Middlewares/ST/STM32_USB_Device_Library/Core/Src/usbd_core.o
 .comment       0x00000043       0x44 ./Middlewares/ST/STM32_USB_Device_Library/Core/Src/usbd_ctlreq.o
 .comment       0x00000043       0x44 ./Middlewares/ST/STM32_USB_Device_Library/Core/Src/usbd_ioreq.o
 .comment       0x00000043       0x44 ./USB_DEVICE/App/usb_device.o
 .comment       0x00000043       0x44 ./USB_DEVICE/App/usbd_cdc_if.o
 .comment       0x00000043       0x44 ./USB_DEVICE/App/usbd_desc.o
 .comment       0x00000043       0x44 ./USB_DEVICE/Target/usbd_conf.o

.debug_frame    0x00000000     0x347c
 .debug_frame   0x00000000      0x114 ./Core/Src/main.o
 .debug_frame   0x00000114       0x80 ./Core/Src/stm32f1xx_hal_msp.o
 .debug_frame   0x00000194      0x174 ./Core/Src/stm32f1xx_it.o
 .debug_frame   0x00000308       0x58 ./Core/Src/system_stm32f1xx.o
 .debug_frame   0x00000360      0x334 ./Drivers/STM32F1xx_HAL_Driver/Src/stm32f1xx_hal.o
 .debug_frame   0x00000694      0x428 ./Drivers/STM32F1xx_HAL_Driver/Src/stm32f1xx_hal_cortex.o
 .debug_frame   0x00000abc      0x208 ./Drivers/STM32F1xx_HAL_Driver/Src/stm32f1xx_hal_dma.o
 .debug_frame   0x00000cc4      0x14c ./Drivers/STM32F1xx_HAL_Driver/Src/stm32f1xx_hal_gpio.o
 .debug_frame   0x00000e10      0x59c ./Drivers/STM32F1xx_HAL_Driver/Src/stm32f1xx_hal_pcd.o
 .debug_frame   0x000013ac       0xb0 ./Drivers/STM32F1xx_HAL_Driver/Src/stm32f1xx_hal_pcd_ex.o
 .debug_frame   0x0000145c      0x218 ./Drivers/STM32F1xx_HAL_Driver/Src/stm32f1xx_hal_rcc.o
 .debug_frame   0x00001674       0x80 ./Drivers/STM32F1xx_HAL_Driver/Src/stm32f1xx_hal_rcc_ex.o
 .debug_frame   0x000016f4      0x944 ./Drivers/STM32F1xx_HAL_Driver/Src/stm32f1xx_hal_uart.o
 .debug_frame   0x00002038      0x478 ./Drivers/STM32F1xx_HAL_Driver/Src/stm32f1xx_ll_usb.o
 .debug_frame   0x000024b0      0x248 ./Middlewares/ST/STM32_USB_Device_Library/Class/CDC/Src/usbd_cdc.o
 .debug_frame   0x000026f8      0x300 ./Middlewares/ST/STM32_USB_Device_Library/Core/Src/usbd_core.o
 .debug_frame   0x000029f8      0x218 ./Middlewares/ST/STM32_USB_Device_Library/Core/Src/usbd_ctlreq.o
 .debug_frame   0x00002c10      0x10c ./Middlewares/ST/STM32_USB_Device_Library/Core/Src/usbd_ioreq.o
 .debug_frame   0x00002d1c       0x2c ./USB_DEVICE/App/usb_device.o
 .debug_frame   0x00002d48       0xbc ./USB_DEVICE/App/usbd_cdc_if.o
 .debug_frame   0x00002e04      0x160 ./USB_DEVICE/App/usbd_desc.o
 .debug_frame   0x00002f64      0x4a4 ./USB_DEVICE/Target/usbd_conf.o
 .debug_frame   0x00003408       0x20 C:/ST/STM32CubeIDE_1.15.0/STM32CubeIDE/plugins/com.st.stm32cube.ide.mcu.externaltools.gnu-tools-for-stm32.12.3.rel1.win32_1.0.100.202403111256/tools/bin/../lib/gcc/arm-none-eabi/12.3.1/../../../../arm-none-eabi/lib/thumb/v7-m/nofp\libc_nano.a(libc_a-memset.o)
 .debug_frame   0x00003428       0x2c C:/ST/STM32CubeIDE_1.15.0/STM32CubeIDE/plugins/com.st.stm32cube.ide.mcu.externaltools.gnu-tools-for-stm32.12.3.rel1.win32_1.0.100.202403111256/tools/bin/../lib/gcc/arm-none-eabi/12.3.1/../../../../arm-none-eabi/lib/thumb/v7-m/nofp\libc_nano.a(libc_a-init.o)
 .debug_frame   0x00003454       0x28 C:/ST/STM32CubeIDE_1.15.0/STM32CubeIDE/plugins/com.st.stm32cube.ide.mcu.externaltools.gnu-tools-for-stm32.12.3.rel1.win32_1.0.100.202403111256/tools/bin/../lib/gcc/arm-none-eabi/12.3.1/../../../../arm-none-eabi/lib/thumb/v7-m/nofp\libc_nano.a(libc_a-memcpy-stub.o)

.debug_line_str
                0x00000000       0x57
 .debug_line_str
                0x00000000       0x57 ./Core/Startup/startup_stm32f103c8tx.o
