../Core/Src/main.c:119:6:HAL_UART_TxCpltCallback	16	static
../Core/Src/main.c:130:6:HAL_UART_RxCpltCallback	24	static
../Core/Src/main.c:154:6:HAL_TIM_PeriodElapsedCallback	16	static
../Core/Src/main.c:169:5:main	8	static
../Core/Src/main.c:229:6:SystemClock_Config	88	static
../Core/Src/main.c:275:13:MX_TIM6_Init	16	static
../Core/Src/main.c:313:13:MX_USART1_UART_Init	8	static
../Core/Src/main.c:346:13:MX_USART3_UART_Init	8	static
../Core/Src/main.c:377:13:MX_DMA_Init	16	static
../Core/Src/main.c:405:13:MX_GPIO_Init	56	static
../Core/Src/main.c:471:13:WT901_Update_Message	24	static
../Core/Src/main.c:736:6:Error_Handler	4	static,ignoring_inline_asm
