../Core/Src/main.c:117:6:HAL_UART_TxCpltCallback	16	static
../Core/Src/main.c:128:6:HAL_UART_RxCpltCallback	24	static
../Core/Src/main.c:157:5:main	8	static
../Core/Src/main.c:211:13:WT901_Update_Message	24	static
../Core/Src/main.c:475:6:SystemClock_Config	88	static
../Core/Src/main.c:521:13:MX_USART1_UART_Init	8	static
../Core/Src/main.c:554:13:MX_USART3_UART_Init	8	static
../Core/Src/main.c:585:13:MX_DMA_Init	16	static
../Core/Src/main.c:613:13:MX_GPIO_Init	56	static
../Core/Src/main.c:666:6:Error_Handler	4	static,ignoring_inline_asm
